ARM Linker, 5.03 [Build 76] [MDK-ARM Professional]

==============================================================================

Section Cross References

    main.o(.text) refers to misc.o(.text) for NVIC_PriorityGroupConfig
    main.o(.text) refers to usart1.o(.text) for usart1_Init
    main.o(.text) refers to delay.o(.text) for delay_Init
    main.o(.text) refers to led.o(.text) for LED_Init
    main.o(.text) refers to encoder.o(.text) for Encoder_Init_TIM4
    main.o(.text) refers to motor.o(.text) for MotorIO_Init
    main.o(.text) refers to tim2.o(.text) for TIM2_PWM_Init
    main.o(.text) refers to tim3.o(.text) for TIM3_Init
    system_stm32f10x.o(.text) refers to system_stm32f10x.o(.data) for SystemCoreClock
    delay.o(.text) refers to misc.o(.text) for SysTick_CLKSourceConfig
    delay.o(.text) refers to system_stm32f10x.o(.data) for SystemCoreClock
    delay.o(.text) refers to delay.o(.data) for fac_us
    usart1.o(.text) refers to stm32f10x_rcc.o(.text) for RCC_APB2PeriphClockCmd
    usart1.o(.text) refers to stm32f10x_gpio.o(.text) for GPIO_Init
    usart1.o(.text) refers to stm32f10x_usart.o(.text) for USART_Init
    usart1.o(.text) refers to misc.o(.text) for NVIC_Init
    usart1.o(.text) refers to usart1.o(.data) for USART1_RX_STA
    usart1.o(.text) refers to usart1.o(.bss) for USART1_RX_BUF
    startup_stm32f10x_hd.o(STACK) refers (Special) to heapauxi.o(.text) for __use_two_region_memory
    startup_stm32f10x_hd.o(HEAP) refers (Special) to heapauxi.o(.text) for __use_two_region_memory
    startup_stm32f10x_hd.o(RESET) refers (Special) to heapauxi.o(.text) for __use_two_region_memory
    startup_stm32f10x_hd.o(RESET) refers to startup_stm32f10x_hd.o(STACK) for __initial_sp
    startup_stm32f10x_hd.o(RESET) refers to startup_stm32f10x_hd.o(.text) for Reset_Handler
    startup_stm32f10x_hd.o(RESET) refers to stm32f10x_it.o(.text) for NMI_Handler
    startup_stm32f10x_hd.o(RESET) refers to tim2.o(.text) for TIM2_IRQHandler
    startup_stm32f10x_hd.o(RESET) refers to tim3.o(.text) for TIM3_IRQHandler
    startup_stm32f10x_hd.o(RESET) refers to usart1.o(.text) for USART1_IRQHandler
    startup_stm32f10x_hd.o(.text) refers (Special) to heapauxi.o(.text) for __use_two_region_memory
    startup_stm32f10x_hd.o(.text) refers to system_stm32f10x.o(.text) for SystemInit
    startup_stm32f10x_hd.o(.text) refers to __main.o(!!!main) for __main
    startup_stm32f10x_hd.o(.text) refers to startup_stm32f10x_hd.o(HEAP) for Heap_Mem
    startup_stm32f10x_hd.o(.text) refers to startup_stm32f10x_hd.o(STACK) for Stack_Mem
    led.o(.text) refers to stm32f10x_rcc.o(.text) for RCC_APB2PeriphClockCmd
    led.o(.text) refers to stm32f10x_gpio.o(.text) for GPIO_Init
    tim3.o(.text) refers to _printf_percent.o(.ARM.Collect$$_printf_percent$$00000000) for _printf_percent
    tim3.o(.text) refers to _printf_f.o(.ARM.Collect$$_printf_percent$$00000003) for _printf_f
    tim3.o(.text) refers to printf1.o(x$fpl$printf1) for _printf_fp_dec
    tim3.o(.text) refers to stm32f10x_rcc.o(.text) for RCC_APB1PeriphClockCmd
    tim3.o(.text) refers to stm32f10x_tim.o(.text) for TIM_TimeBaseInit
    tim3.o(.text) refers to misc.o(.text) for NVIC_Init
    tim3.o(.text) refers to encoder.o(.text) for Read_Site
    tim3.o(.text) refers to motor.o(.text) for LenAndPulseSwitch
    tim3.o(.text) refers to f2d.o(x$fpl$f2d) for __aeabi_f2d
    tim3.o(.text) refers to noretval__2printf.o(.text) for __2printf
    tim3.o(.text) refers to tim3.o(.data) for pulse_cnt
    encoder.o(.text) refers to stm32f10x_rcc.o(.text) for RCC_APB1PeriphClockCmd
    encoder.o(.text) refers to stm32f10x_gpio.o(.text) for GPIO_Init
    encoder.o(.text) refers to stm32f10x_tim.o(.text) for TIM_TimeBaseStructInit
    tim2.o(.text) refers to stm32f10x_tim.o(.text) for TIM_SetCompare1
    tim2.o(.text) refers to stm32f10x_rcc.o(.text) for RCC_APB1PeriphClockCmd
    tim2.o(.text) refers to misc.o(.text) for NVIC_Init
    tim2.o(.text) refers to stm32f10x_gpio.o(.text) for GPIO_Init
    motor.o(.text) refers to stm32f10x_rcc.o(.text) for RCC_APB2PeriphClockCmd
    motor.o(.text) refers to stm32f10x_gpio.o(.text) for GPIO_Init
    motor.o(.text) refers to tim2.o(.text) for SetPwmValu
    motor.o(.text) refers to fflt_clz.o(x$fpl$fflt) for __aeabi_i2f
    motor.o(.text) refers to fmul.o(x$fpl$fmul) for __aeabi_fmul
    motor.o(.text) refers to delay.o(.text) for delay_ms
    motor.o(.text) refers to encoder.o(.text) for Read_Encoder
    motor.o(.text) refers to motor.o(.data) for cnt
    pid.o(.text) refers to faddsub_clz.o(x$fpl$fsub) for __aeabi_fsub
    pid.o(.text) refers to frleqf.o(x$fpl$frleqf) for __aeabi_cfrcmple
    pid.o(.text) refers to fmul.o(x$fpl$fmul) for __aeabi_fmul
    pid.o(.text) refers to faddsub_clz.o(x$fpl$fadd) for __aeabi_fadd
    pid.o(.text) refers to fleqf.o(x$fpl$fleqf) for __aeabi_cfcmple
    pid.o(.text) refers to pid.o(.data) for Real_Kp
    stm32f10x_adc.o(.text) refers to stm32f10x_rcc.o(.text) for RCC_APB2PeriphResetCmd
[...]
    libinit2.o(.ARM.Collect$$libinit$$0000000D) refers (Weak) to rt_locale_intlibspace.o(.text) for __rt_locale
    libinit2.o(.ARM.Collect$$libinit$$0000000E) refers to libinit2.o(.ARM.Collect$$libinit$$0000000D) for .ARM.Collect$$libinit$$0000000D
    libinit2.o(.ARM.Collect$$libinit$$00000010) refers to libinit2.o(.ARM.Collect$$libinit$$0000000D) for .ARM.Collect$$libinit$$0000000D
    libinit2.o(.ARM.Collect$$libinit$$00000012) refers to libinit2.o(.ARM.Collect$$libinit$$0000000D) for .ARM.Collect$$libinit$$0000000D
    libinit2.o(.ARM.Collect$$libinit$$00000014) refers to libinit2.o(.ARM.Collect$$libinit$$0000000D) for .ARM.Collect$$libinit$$0000000D
    libinit2.o(.ARM.Collect$$libinit$$00000014) refers (Weak) to lc_numeric_c.o(locale$$code) for _get_lc_numeric
    libinit2.o(.ARM.Collect$$libinit$$00000016) refers to libinit2.o(.ARM.Collect$$libinit$$0000000D) for .ARM.Collect$$libinit$$0000000D
    libinit2.o(.ARM.Collect$$libinit$$00000024) refers to argv_veneer.o(.emb_text) for __ARM_argv_veneer
    libinit2.o(.ARM.Collect$$libinit$$00000025) refers to argv_veneer.o(.emb_text) for __ARM_argv_veneer
    rtexit.o(.ARM.Collect$$rtexit$$00000000) refers (Special) to rtexit2.o(.ARM.Collect$$rtexit$$00000004) for __rt_exit_exit
    rtexit.o(.ARM.Collect$$rtexit$$00000000) refers (Special) to rtexit2.o(.ARM.Collect$$rtexit$$00000003) for __rt_exit_ls
    rtexit.o(.ARM.Collect$$rtexit$$00000000) refers (Special) to rtexit2.o(.ARM.Collect$$rtexit$$00000002) for __rt_exit_prels_1
    rtexit.o(.ARM.exidx) refers (Special) to rtexit2.o(.ARM.Collect$$rtexit$$00000004) for __rt_exit_exit
    rtexit.o(.ARM.exidx) refers (Special) to rtexit2.o(.ARM.Collect$$rtexit$$00000003) for __rt_exit_ls
    rtexit.o(.ARM.exidx) refers (Special) to rtexit2.o(.ARM.Collect$$rtexit$$00000002) for __rt_exit_prels_1
    rtexit.o(.ARM.exidx) refers to rtexit.o(.ARM.Collect$$rtexit$$00000000) for .ARM.Collect$$rtexit$$00000000
    argv_veneer.o(.emb_text) refers to no_argv.o(.text) for __ARM_get_argv
    rtexit2.o(.ARM.Collect$$rtexit$$00000003) refers to libshutdown.o(.ARM.Collect$$libshutdown$$00000000) for __rt_lib_shutdown
    rtexit2.o(.ARM.Collect$$rtexit$$00000004) refers to usart1.o(.text) for _sys_exit
    rtexit2.o(.ARM.exidx) refers to rtexit2.o(.ARM.Collect$$rtexit$$00000001) for .ARM.Collect$$rtexit$$00000001
    rtexit2.o(.ARM.exidx) refers to rtexit2.o(.ARM.Collect$$rtexit$$00000003) for .ARM.Collect$$rtexit$$00000003
    rtexit2.o(.ARM.exidx) refers to rtexit2.o(.ARM.Collect$$rtexit$$00000004) for .ARM.Collect$$rtexit$$00000004
    _get_argv_nomalloc.o(.text) refers (Special) to hrguard.o(.text) for __heap_region$guard
    _get_argv_nomalloc.o(.text) refers to defsig_rtmem_outer.o(.text) for __rt_SIGRTMEM
    _get_argv_nomalloc.o(.text) refers to sys_command.o(.text) for _sys_command_string
    sys_command.o(.text) refers (Special) to use_no_semi.o(.text) for __I$use$semihosting
    sys_command.o(.text) refers (Special) to indicate_semi.o(.text) for __semihosting_library_function
    defsig_rtmem_outer.o(.text) refers to defsig_rtmem_inner.o(.text) for __rt_SIGRTMEM_inner
    defsig_rtmem_outer.o(.text) refers to defsig_exit.o(.text) for __sig_exit
    defsig_rtmem_formal.o(.text) refers to rt_raise.o(.text) for __rt_raise
    libshutdown.o(.ARM.Collect$$libshutdown$$00000000) refers (Special) to libshutdown2.o(.ARM.Collect$$libshutdown$$00000006) for __rt_lib_shutdown_fp_trap_1
    libshutdown.o(.ARM.Collect$$libshutdown$$00000000) refers (Special) to libshutdown2.o(.ARM.Collect$$libshutdown$$0000000E) for __rt_lib_shutdown_heap_1
    libshutdown.o(.ARM.Collect$$libshutdown$$00000000) refers (Special) to libshutdown2.o(.ARM.Collect$$libshutdown$$0000000F) for __rt_lib_shutdown_return
    libshutdown.o(.ARM.Collect$$libshutdown$$00000000) refers (Special) to libshutdown2.o(.ARM.Collect$$libshutdown$$00000009) for __rt_lib_shutdown_signal_1
    libshutdown.o(.ARM.Collect$$libshutdown$$00000000) refers (Special) to libshutdown2.o(.ARM.Collect$$libshutdown$$00000003) for __rt_lib_shutdown_stdio_1
    libshutdown.o(.ARM.Collect$$libshutdown$$00000000) refers (Special) to libshutdown2.o(.ARM.Collect$$libshutdown$$0000000B) for __rt_lib_shutdown_user_alloc_1
    rt_raise.o(.text) refers to __raise.o(.text) for __raise
    rt_raise.o(.text) refers to usart1.o(.text) for _sys_exit
    defsig_exit.o(.text) refers to usart1.o(.text) for _sys_exit
    defsig_rtmem_inner.o(.text) refers to defsig_general.o(.text) for __default_signal_display
    __raise.o(.text) refers to defsig.o(CL$$defsig) for __default_signal_handler
    defsig_general.o(.text) refers to sys_wrch.o(.text) for _ttywrch
    sys_wrch.o(.text) refers (Special) to use_no_semi.o(.text) for __I$use$semihosting
    sys_wrch.o(.text) refers (Special) to indicate_semi.o(.text) for __semihosting_library_function
    defsig.o(CL$$defsig) refers to defsig_rtmem_inner.o(.text) for __rt_SIGRTMEM_inner
    defsig_abrt_inner.o(.text) refers to defsig_general.o(.text) for __default_signal_display
    defsig_fpe_inner.o(.text) refers to defsig_general.o(.text) for __default_signal_display
    defsig_rtred_inner.o(.text) refers to defsig_general.o(.text) for __default_signal_display
    defsig_stak_inner.o(.text) refers to defsig_general.o(.text) for __default_signal_display
    defsig_pvfn_inner.o(.text) refers to defsig_general.o(.text) for __default_signal_display
    defsig_cppl_inner.o(.text) refers to defsig_general.o(.text) for __default_signal_display
    defsig_segv_inner.o(.text) refers to defsig_general.o(.text) for __default_signal_display
    defsig_other.o(.text) refers to defsig_general.o(.text) for __default_signal_display


==============================================================================

Removing Unused input sections from the image.

    Removing sys.o(.emb_text), (6 bytes).
    Removing sys.o(.text), (12 bytes).
    Removing core_cm3.o(.emb_text), (32 bytes).
    Removing pid.o(.text), (248 bytes).
    Removing pid.o(.data), (4 bytes).
    Removing pidlist.o(.data), (68 bytes).
    Removing stm32f10x_adc.o(.text), (1102 bytes).
    Removing stm32f10x_bkp.o(.text), (196 bytes).
    Removing stm32f10x_can.o(.text), (2540 bytes).
    Removing stm32f10x_cec.o(.text), (288 bytes).
    Removing stm32f10x_crc.o(.text), (72 bytes).
    Removing stm32f10x_dac.o(.text), (396 bytes).
    Removing stm32f10x_dbgmcu.o(.text), (48 bytes).
    Removing stm32f10x_dma.o(.text), (592 bytes).
    Removing stm32f10x_exti.o(.text), (284 bytes).
    Removing stm32f10x_flash.o(.text), (1468 bytes).
    Removing stm32f10x_fsmc.o(.text), (1560 bytes).
    Removing stm32f10x_i2c.o(.text), (1028 bytes).
    Removing stm32f10x_iwdg.o(.text), (64 bytes).
    Removing stm32f10x_pwr.o(.text), (204 bytes).
    Removing stm32f10x_rtc.o(.text), (324 bytes).
    Removing stm32f10x_sdio.o(.text), (472 bytes).
    Removing stm32f10x_spi.o(.text), (780 bytes).
    Removing stm32f10x_wwdg.o(.text), (136 bytes).

24 unused section(s) (total 11924 bytes) removed from the image.

==============================================================================

Image Symbol Table

    Local Symbols

    Symbol Name                              Value     Ov Type        Size  Object(Section)

    ../clib/angel/boardlib.s                 0x00000000   Number         0  boardshut.o ABSOLUTE
    ../clib/angel/boardlib.s                 0x00000000   Number         0  boardinit3.o ABSOLUTE
    ../clib/angel/boardlib.s                 0x00000000   Number         0  boardinit2.o ABSOLUTE
    ../clib/angel/boardlib.s                 0x00000000   Number         0  boardinit1.o ABSOLUTE
    ../clib/angel/handlers.s                 0x00000000   Number         0  __scatter_copy.o ABSOLUTE
    ../clib/angel/handlers.s                 0x00000000   Number         0  __scatter_zi.o ABSOLUTE
    ../clib/angel/kernel.s                   0x00000000   Number         0  rtentry2.o ABSOLUTE
    ../clib/angel/kernel.s                   0x00000000   Number         0  rtentry4.o ABSOLUTE
    ../clib/angel/kernel.s                   0x00000000   Number         0  rtentry.o ABSOLUTE
    ../clib/angel/kernel.s                   0x00000000   Number         0  rtexit2.o ABSOLUTE
    ../clib/angel/kernel.s                   0x00000000   Number         0  rtexit.o ABSOLUTE
    ../clib/angel/rt.s                       0x00000000   Number         0  rt_locale.o ABSOLUTE
    ../clib/angel/rt.s                       0x00000000   Number         0  rt_locale_intlibspace.o ABSOLUTE
    ../clib/angel/rt.s                       0x00000000   Number         0  rt_raise.o ABSOLUTE
    ../clib/angel/scatter.s                  0x00000000   Number         0  __scatter.o ABSOLUTE
    ../clib/angel/startup.s                  0x00000000   Number         0  __main.o ABSOLUTE
    ../clib/angel/sys.s                      0x00000000   Number         0  libspace.o ABSOLUTE
    ../clib/angel/sys.s                      0x00000000   Number         0  sys_stackheap_outer.o ABSOLUTE
    ../clib/angel/sys.s                      0x00000000   Number         0  indicate_semi.o ABSOLUTE
    ../clib/angel/sys.s                      0x00000000   Number         0  use_no_semi.o ABSOLUTE
    ../clib/angel/sysapp.c                   0x00000000   Number         0  sys_command.o ABSOLUTE
    ../clib/angel/sysapp.c                   0x00000000   Number         0  sys_wrch.o ABSOLUTE
    ../clib/armsys.c                         0x00000000   Number         0  no_argv.o ABSOLUTE
    ../clib/armsys.c                         0x00000000   Number         0  _get_argv_nomalloc.o ABSOLUTE
    ../clib/armsys.c                         0x00000000   Number         0  argv_veneer.o ABSOLUTE
    ../clib/armsys.c                         0x00000000   Number         0  argv_veneer.o ABSOLUTE
    ../clib/bigflt.c                         0x00000000   Number         0  bigflt0.o ABSOLUTE
    ../clib/btod.s                           0x00000000   Number         0  btod.o ABSOLUTE
    ../clib/heapalloc.c                      0x00000000   Number         0  hrguard.o ABSOLUTE
    ../clib/heapaux.c                        0x00000000   Number         0  heapauxi.o ABSOLUTE
    ../clib/libinit.s                        0x00000000   Number         0  libshutdown2.o ABSOLUTE
    ../clib/libinit.s                        0x00000000   Number         0  libinit.o ABSOLUTE
    ../clib/libinit.s                        0x00000000   Number         0  libinit2.o ABSOLUTE
    ../clib/libinit.s                        0x00000000   Number         0  libshutdown.o ABSOLUTE
    ../clib/locale.s                         0x00000000   Number         0  lc_numeric_c.o ABSOLUTE
    ../clib/longlong.s                       0x00000000   Number         0  lludiv10.o ABSOLUTE
    ../clib/memcpset.s                       0x00000000   Number         0  strcmpv7m.o ABSOLUTE
    ../clib/misc.s                           0x00000000   Number         0  printf_stubs.o ABSOLUTE
    ../clib/printf.c                         0x00000000   Number         0  noretval__2printf.o ABSOLUTE
    ../clib/printf.c                         0x00000000   Number         0  __printf.o ABSOLUTE
    ../clib/printf.c                         0x00000000   Number         0  __printf_flags.o ABSOLUTE
    ../clib/printf.c                         0x00000000   Number         0  __printf_ss.o ABSOLUTE
    ../clib/printf.c                         0x00000000   Number         0  __printf_flags_ss.o ABSOLUTE
    ../clib/printf.c                         0x00000000   Number         0  __printf_wp.o ABSOLUTE
    ../clib/printf.c                         0x00000000   Number         0  __printf_nopercent.o ABSOLUTE
    ../clib/printf.c                         0x00000000   Number         0  __printf_flags_wp.o ABSOLUTE
    ../clib/printf.c                         0x00000000   Number         0  __printf_ss_wp.o ABSOLUTE
    ../clib/printf.c                         0x00000000   Number         0  __printf_flags_ss_wp.o ABSOLUTE
    ../clib/printf.c                         0x00000000   Number         0  _printf_fp_dec.o ABSOLUTE
    ../clib/printf.c                         0x00000000   Number         0  _printf_fp_infnan.o ABSOLUTE
    ../clib/printf.c                         0x00000000   Number         0  _printf_char_common.o ABSOLUTE
    ../clib/printf.c                         0x00000000   Number         0  _printf_char_file.o ABSOLUTE
    ../clib/printf.c                         0x00000000   Number         0  __2printf.o ABSOLUTE
    ../clib/printf_percent.s                 0x00000000   Number         0  _printf_percent.o ABSOLUTE
    ../clib/printf_percent.s                 0x00000000   Number         0  _printf_f.o ABSOLUTE
    ../clib/printf_percent.s                 0x00000000   Number         0  _printf_percent_end.o ABSOLUTE
    ../clib/signal.c                         0x00000000   Number         0  defsig_stak_inner.o ABSOLUTE
    ../clib/signal.c                         0x00000000   Number         0  defsig_other.o ABSOLUTE
    ../clib/signal.c                         0x00000000   Number         0  defsig_segv_inner.o ABSOLUTE
    ../clib/signal.c                         0x00000000   Number         0  defsig_cppl_inner.o ABSOLUTE
    ../clib/signal.c                         0x00000000   Number         0  defsig_pvfn_inner.o ABSOLUTE
    ../clib/signal.c                         0x00000000   Number         0  defsig_general.o ABSOLUTE
    ../clib/signal.c                         0x00000000   Number         0  defsig_rtred_inner.o ABSOLUTE
    ../clib/signal.c                         0x00000000   Number         0  defsig_fpe_inner.o ABSOLUTE
    ../clib/signal.c                         0x00000000   Number         0  defsig_abrt_inner.o ABSOLUTE
    ../clib/signal.c                         0x00000000   Number         0  defsig_rtmem_formal.o ABSOLUTE
    ../clib/signal.c                         0x00000000   Number         0  defsig_rtmem_outer.o ABSOLUTE
    ../clib/signal.c                         0x00000000   Number         0  __raise.o ABSOLUTE
    ../clib/signal.c                         0x00000000   Number         0  defsig_rtmem_inner.o ABSOLUTE
    ../clib/signal.c                         0x00000000   Number         0  defsig_exit.o ABSOLUTE
    ../clib/signal.s                         0x00000000   Number         0  defsig.o ABSOLUTE
    ../clib/stdio.c                          0x00000000   Number         0  ferror.o ABSOLUTE
    ../clib/stdio.c                          0x00000000   Number         0  ferror_locked.o ABSOLUTE
    ../clib/stdlib.c                         0x00000000   Number         0  exit.o ABSOLUTE
    ../fplib/dretinf.s                       0x00000000   Number         0  dretinf.o ABSOLUTE
    ../fplib/f2d.s                           0x00000000   Number         0  f2d.o ABSOLUTE
    ../fplib/faddsub.s                       0x00000000   Number         0  faddsub_clz.o ABSOLUTE
    ../fplib/fcmpi.s                         0x00000000   Number         0  fcmpi.o ABSOLUTE
    ../fplib/fflt.s                          0x00000000   Number         0  fflt_clz.o ABSOLUTE
    ../fplib/fleqf.s                         0x00000000   Number         0  fleqf.o ABSOLUTE
    ../fplib/fmul.s                          0x00000000   Number         0  fmul.o ABSOLUTE
    ../fplib/fnaninf.s                       0x00000000   Number         0  fnaninf.o ABSOLUTE
    ../fplib/fpinit.s                        0x00000000   Number         0  fpinit.o ABSOLUTE
    ../fplib/fretinf.s                       0x00000000   Number         0  fretinf.o ABSOLUTE
    ../fplib/frleqf.s                        0x00000000   Number         0  frleqf.o ABSOLUTE
    ../fplib/istatus.s                       0x00000000   Number         0  istatus.o ABSOLUTE
    ../fplib/printf1.s                       0x00000000   Number         0  printf1.o ABSOLUTE
    ../fplib/usenofp.s                       0x00000000   Number         0  usenofp.o ABSOLUTE
    ../mathlib/fpclassify.c                  0x00000000   Number         0  fpclassify.o ABSOLUTE
    ..\APP\PID\pid.c                         0x00000000   Number         0  pid.o ABSOLUTE
    ..\APP\PID\pidlist.c                     0x00000000   Number         0  pidlist.o ABSOLUTE
    ..\CORE\core_cm3.c                       0x00000000   Number         0  core_cm3.o ABSOLUTE
    ..\CORE\startup_stm32f10x_hd.s           0x00000000   Number         0  startup_stm32f10x_hd.o ABSOLUTE
    ..\HARDWARE\Encode_TIM4\encoder.c        0x00000000   Number         0  encoder.o ABSOLUTE
    ..\HARDWARE\LED\led.c                    0x00000000   Number         0  led.o ABSOLUTE
    ..\HARDWARE\MOTOR\motor.c                0x00000000   Number         0  motor.o ABSOLUTE
    ..\HARDWARE\TIM2\tim2.c                  0x00000000   Number         0  tim2.o ABSOLUTE
    ..\HARDWARE\TIM3\tim3.c                  0x00000000   Number         0  tim3.o ABSOLUTE
    ..\STM32F10X_FWLIB\src\misc.c            0x00000000   Number         0  misc.o ABSOLUTE
    ..\STM32F10X_FWLIB\src\stm32f10x_adc.c   0x00000000   Number         0  stm32f10x_adc.o ABSOLUTE
    ..\STM32F10X_FWLIB\src\stm32f10x_bkp.c   0x00000000   Number         0  stm32f10x_bkp.o ABSOLUTE
    ..\STM32F10X_FWLIB\src\stm32f10x_can.c   0x00000000   Number         0  stm32f10x_can.o ABSOLUTE
    ..\STM32F10X_FWLIB\src\stm32f10x_cec.c   0x00000000   Number         0  stm32f10x_cec.o ABSOLUTE
    ..\STM32F10X_FWLIB\src\stm32f10x_crc.c   0x00000000   Number         0  stm32f10x_crc.o ABSOLUTE
    ..\STM32F10X_FWLIB\src\stm32f10x_dac.c   0x00000000   Number         0  stm32f10x_dac.o ABSOLUTE
    ..\STM32F10X_FWLIB\src\stm32f10x_dbgmcu.c 0x00000000   Number         0  stm32f10x_dbgmcu.o ABSOLUTE
    ..\STM32F10X_FWLIB\src\stm32f10x_dma.c   0x00000000   Number         0  stm32f10x_dma.o ABSOLUTE
    ..\STM32F10X_FWLIB\src\stm32f10x_exti.c  0x00000000   Number         0  stm32f10x_exti.o ABSOLUTE
    ..\STM32F10X_FWLIB\src\stm32f10x_flash.c 0x00000000   Number         0  stm32f10x_flash.o ABSOLUTE
    ..\STM32F10X_FWLIB\src\stm32f10x_fsmc.c  0x00000000   Number         0  stm32f10x_fsmc.o ABSOLUTE
    ..\STM32F10X_FWLIB\src\stm32f10x_gpio.c  0x00000000   Number         0  stm32f10x_gpio.o ABSOLUTE
    ..\STM32F10X_FWLIB\src\stm32f10x_i2c.c   0x00000000   Number         0  stm32f10x_i2c.o ABSOLUTE
    ..\STM32F10X_FWLIB\src\stm32f10x_iwdg.c  0x00000000   Number         0  stm32f10x_iwdg.o ABSOLUTE
    ..\STM32F10X_FWLIB\src\stm32f10x_pwr.c   0x00000000   Number         0  stm32f10x_pwr.o ABSOLUTE
    ..\STM32F10X_FWLIB\src\stm32f10x_rcc.c   0x00000000   Number         0  stm32f10x_rcc.o ABSOLUTE
    ..\STM32F10X_FWLIB\src\stm32f10x_rtc.c   0x00000000   Number         0  stm32f10x_rtc.o ABSOLUTE
    ..\STM32F10X_FWLIB\src\stm32f10x_sdio.c  0x00000000   Number         0  stm32f10x_sdio.o ABSOLUTE
    ..\STM32F10X_FWLIB\src\stm32f10x_spi.c   0x00000000   Number         0  stm32f10x_spi.o ABSOLUTE
    ..\STM32F10X_FWLIB\src\stm32f10x_tim.c   0x00000000   Number         0  stm32f10x_tim.o ABSOLUTE
    ..\STM32F10X_FWLIB\src\stm32f10x_usart.c 0x00000000   Number         0  stm32f10x_usart.o ABSOLUTE
    ..\STM32F10X_FWLIB\src\stm32f10x_wwdg.c  0x00000000   Number         0  stm32f10x_wwdg.o ABSOLUTE
    ..\SYSTEM\delay\delay.c                  0x00000000   Number         0  delay.o ABSOLUTE
    ..\SYSTEM\sys\sys.c                      0x00000000   Number         0  sys.o ABSOLUTE
    ..\SYSTEM\usart1\usart1.c                0x00000000   Number         0  usart1.o ABSOLUTE
    ..\USER\main.c                           0x00000000   Number         0  main.o ABSOLUTE
    ..\USER\stm32f10x_it.c                   0x00000000   Number         0  stm32f10x_it.o ABSOLUTE
    ..\USER\system_stm32f10x.c               0x00000000   Number         0  system_stm32f10x.o ABSOLUTE
    ..\\CORE\\core_cm3.c                     0x00000000   Number         0  core_cm3.o ABSOLUTE
    ..\\SYSTEM\\sys\\sys.c                   0x00000000   Number         0  sys.o ABSOLUTE
    dc.s                                     0x00000000   Number         0  dc.o ABSOLUTE
    RESET                                    0x08000000   Section      304  startup_stm32f10x_hd.o(RESET)
    !!!main                                  0x08000130   Section        8  __main.o(!!!main)
    !!!scatter                               0x08000138   Section       52  __scatter.o(!!!scatter)
    !!handler_copy                           0x0800016c   Section       26  __scatter_copy.o(!!handler_copy)
    !!handler_zi                             0x08000188   Section       28  __scatter_zi.o(!!handler_zi)
    .ARM.Collect$$_printf_percent$$00000000  0x080001a4   Section        0  _printf_percent.o(.ARM.Collect$$_printf_percent$$00000000)
    .ARM.Collect$$_printf_percent$$00000003  0x080001a4   Section        6  _printf_f.o(.ARM.Collect$$_printf_percent$$00000003)
    .ARM.Collect$$_printf_percent$$00000017  0x080001aa   Section        4  _printf_percent_end.o(.ARM.Collect$$_printf_percent$$00000017)
    .ARM.Collect$$libinit$$00000000          0x080001ae   Section        2  libinit.o(.ARM.Collect$$libinit$$00000000)
    .ARM.Collect$$libinit$$00000002          0x080001b0   Section        0  libinit2.o(.ARM.Collect$$libinit$$00000002)
    .ARM.Collect$$libinit$$00000008          0x080001b0   Section        0  libinit2.o(.ARM.Collect$$libinit$$00000008)
    .ARM.Collect$$libinit$$0000000A          0x080001b0   Section        0  libinit2.o(.ARM.Collect$$libinit$$0000000A)
    .ARM.Collect$$libinit$$0000000C          0x080001b0   Section        0  libinit2.o(.ARM.Collect$$libinit$$0000000C)
    .ARM.Collect$$libinit$$0000000D          0x080001b0   Section        6  libinit2.o(.ARM.Collect$$libinit$$0000000D)
    .ARM.Collect$$libinit$$0000000F          0x080001b6   Section        0  libinit2.o(.ARM.Collect$$libinit$$0000000F)
    .ARM.Collect$$libinit$$00000011          0x080001b6   Section        0  libinit2.o(.ARM.Collect$$libinit$$00000011)
    .ARM.Collect$$libinit$$00000013          0x080001b6   Section        0  libinit2.o(.ARM.Collect$$libinit$$00000013)
    .ARM.Collect$$libinit$$00000014          0x080001b6   Section       10  libinit2.o(.ARM.Collect$$libinit$$00000014)
    .ARM.Collect$$libinit$$00000015          0x080001c0   Section        0  libinit2.o(.ARM.Collect$$libinit$$00000015)
    .ARM.Collect$$libinit$$00000017          0x080001c0   Section        0  libinit2.o(.ARM.Collect$$libinit$$00000017)
    .ARM.Collect$$libinit$$00000019          0x080001c0   Section        0  libinit2.o(.ARM.Collect$$libinit$$00000019)
    .ARM.Collect$$libinit$$0000001B          0x080001c0   Section        0  libinit2.o(.ARM.Collect$$libinit$$0000001B)
    .ARM.Collect$$libinit$$0000001D          0x080001c0   Section        0  libinit2.o(.ARM.Collect$$libinit$$0000001D)
    .ARM.Collect$$libinit$$0000001F          0x080001c0   Section        0  libinit2.o(.ARM.Collect$$libinit$$0000001F)
    .ARM.Collect$$libinit$$00000021          0x080001c0   Section        0  libinit2.o(.ARM.Collect$$libinit$$00000021)
    .ARM.Collect$$libinit$$00000023          0x080001c0   Section        0  libinit2.o(.ARM.Collect$$libinit$$00000023)
    .ARM.Collect$$libinit$$0000002A          0x080001c0   Section        0  libinit2.o(.ARM.Collect$$libinit$$0000002A)
    .ARM.Collect$$libinit$$0000002C          0x080001c0   Section        0  libinit2.o(.ARM.Collect$$libinit$$0000002C)
    .ARM.Collect$$libinit$$0000002E          0x080001c0   Section        0  libinit2.o(.ARM.Collect$$libinit$$0000002E)
    .ARM.Collect$$libinit$$00000030          0x080001c0   Section        0  libinit2.o(.ARM.Collect$$libinit$$00000030)
    .ARM.Collect$$libinit$$00000031          0x080001c0   Section        2  libinit2.o(.ARM.Collect$$libinit$$00000031)
    .ARM.Collect$$libshutdown$$00000000      0x080001c2   Section        2  libshutdown.o(.ARM.Collect$$libshutdown$$00000000)
    .ARM.Collect$$libshutdown$$00000003      0x080001c4   Section        0  libshutdown2.o(.ARM.Collect$$libshutdown$$00000003)
    .ARM.Collect$$libshutdown$$00000006      0x080001c4   Section        0  libshutdown2.o(.ARM.Collect$$libshutdown$$00000006)
    .ARM.Collect$$libshutdown$$00000009      0x080001c4   Section        0  libshutdown2.o(.ARM.Collect$$libshutdown$$00000009)
    .ARM.Collect$$libshutdown$$0000000B      0x080001c4   Section        0  libshutdown2.o(.ARM.Collect$$libshutdown$$0000000B)
    .ARM.Collect$$libshutdown$$0000000E      0x080001c4   Section        0  libshutdown2.o(.ARM.Collect$$libshutdown$$0000000E)
    .ARM.Collect$$libshutdown$$0000000F      0x080001c4   Section        2  libshutdown2.o(.ARM.Collect$$libshutdown$$0000000F)
    .ARM.Collect$$rtentry$$00000000          0x080001c6   Section        0  rtentry.o(.ARM.Collect$$rtentry$$00000000)
    .ARM.Collect$$rtentry$$00000002          0x080001c6   Section        0  rtentry2.o(.ARM.Collect$$rtentry$$00000002)
    .ARM.Collect$$rtentry$$00000004          0x080001c6   Section        6  rtentry4.o(.ARM.Collect$$rtentry$$00000004)
    .ARM.Collect$$rtentry$$00000009          0x080001cc   Section        0  rtentry2.o(.ARM.Collect$$rtentry$$00000009)
    .ARM.Collect$$rtentry$$0000000A          0x080001cc   Section        4  rtentry2.o(.ARM.Collect$$rtentry$$0000000A)
    .ARM.Collect$$rtentry$$0000000C          0x080001d0   Section        0  rtentry2.o(.ARM.Collect$$rtentry$$0000000C)
    .ARM.Collect$$rtentry$$0000000D          0x080001d0   Section        8  rtentry2.o(.ARM.Collect$$rtentry$$0000000D)
    .ARM.Collect$$rtexit$$00000000           0x080001d8   Section        2  rtexit.o(.ARM.Collect$$rtexit$$00000000)
    .ARM.Collect$$rtexit$$00000002           0x080001da   Section        0  rtexit2.o(.ARM.Collect$$rtexit$$00000002)
    .ARM.Collect$$rtexit$$00000003           0x080001da   Section        4  rtexit2.o(.ARM.Collect$$rtexit$$00000003)
    .ARM.Collect$$rtexit$$00000004           0x080001de   Section        6  rtexit2.o(.ARM.Collect$$rtexit$$00000004)
    .text                                    0x080001e4   Section        0  main.o(.text)
    .text                                    0x08000232   Section        0  stm32f10x_it.o(.text)
    .text                                    0x0800024c   Section        0  system_stm32f10x.o(.text)
    SetSysClockTo72                          0x0800024d   Thumb Code   212  system_stm32f10x.o(.text)
    SetSysClock                              0x08000321   Thumb Code     8  system_stm32f10x.o(.text)
    .text                                    0x08000428   Section        0  delay.o(.text)
    .text                                    0x080004f8   Section        0  usart1.o(.text)
    .text                                    0x0800071c   Section       64  startup_stm32f10x_hd.o(.text)
    .text                                    0x0800075c   Section        0  led.o(.text)
    .text                                    0x080007b0   Section        0  tim3.o(.text)
    .text                                    0x08000894   Section        0  encoder.o(.text)
    .text                                    0x08000960   Section        0  tim2.o(.text)
    .text                                    0x08000a6c   Section        0  motor.o(.text)
    .text                                    0x08000b64   Section        0  misc.o(.text)
    .text                                    0x08000c40   Section        0  stm32f10x_gpio.o(.text)
    .text                                    0x08000f98   Section        0  stm32f10x_rcc.o(.text)
    .text                                    0x0800133c   Section        0  stm32f10x_tim.o(.text)
    TI4_Config                               0x080017e3   Thumb Code   130  stm32f10x_tim.o(.text)
    TI3_Config                               0x08001877   Thumb Code   122  stm32f10x_tim.o(.text)
    TI2_Config                               0x0800190b   Thumb Code   130  stm32f10x_tim.o(.text)
    TI1_Config                               0x0800199f   Thumb Code   108  stm32f10x_tim.o(.text)
    .text                                    0x08002158   Section        0  stm32f10x_usart.o(.text)
    .text                                    0x08002560   Section        0  noretval__2printf.o(.text)
    .text                                    0x08002578   Section        0  __printf_wp.o(.text)
    .text                                    0x08002686   Section        0  heapauxi.o(.text)
    .text                                    0x0800268c   Section        0  _printf_fp_dec.o(.text)
    _fp_digits                               0x0800268f   Thumb Code   426  _printf_fp_dec.o(.text)
    .text                                    0x08002aac   Section        0  _printf_char_file.o(.text)
    .text                                    0x08002ad0   Section        8  rt_locale_intlibspace.o(.text)
    .text                                    0x08002ad8   Section      138  lludiv10.o(.text)
    .text                                    0x08002b64   Section        0  _printf_char_common.o(.text)
    _printf_input_char                       0x08002b65   Thumb Code    10  _printf_char_common.o(.text)
    .text                                    0x08002b94   Section        0  _printf_fp_infnan.o(.text)
    .text                                    0x08002c14   Section        0  bigflt0.o(.text)
    .text                                    0x08002cf8   Section        0  ferror.o(.text)
    .text                                    0x08002d00   Section        8  libspace.o(.text)
    .text                                    0x08002d08   Section       74  sys_stackheap_outer.o(.text)
    .text                                    0x08002d52   Section        0  exit.o(.text)
    .text                                    0x08002d60   Section      128  strcmpv7m.o(.text)
    CL$$btod_d2e                             0x08002de0   Section       62  btod.o(CL$$btod_d2e)
    CL$$btod_d2e_denorm_low                  0x08002e1e   Section       70  btod.o(CL$$btod_d2e_denorm_low)
    CL$$btod_d2e_norm_op1                    0x08002e64   Section       96  btod.o(CL$$btod_d2e_norm_op1)
    CL$$btod_div_common                      0x08002ec4   Section      824  btod.o(CL$$btod_div_common)
    CL$$btod_e2e                             0x080031fc   Section      198  btod.o(CL$$btod_e2e)
    CL$$btod_ediv                            0x080032c2   Section       40  btod.o(CL$$btod_ediv)
    CL$$btod_emul                            0x080032ea   Section       40  btod.o(CL$$btod_emul)
    CL$$btod_mult_common                     0x08003312   Section      580  btod.o(CL$$btod_mult_common)
    i.__ARM_fpclassify                       0x08003556   Section        0  fpclassify.o(i.__ARM_fpclassify)
    i._is_digit                              0x0800357e   Section        0  __printf_wp.o(i._is_digit)
    locale$$code                             0x0800358c   Section       44  lc_numeric_c.o(locale$$code)
    x$fpl$dretinf                            0x080035b8   Section       12  dretinf.o(x$fpl$dretinf)
    x$fpl$f2d                                0x080035c4   Section       86  f2d.o(x$fpl$f2d)
    x$fpl$fflt                               0x0800361c   Section       48  fflt_clz.o(x$fpl$fflt)
    x$fpl$fmul                               0x0800364c   Section      258  fmul.o(x$fpl$fmul)
    x$fpl$fnaninf                            0x0800374e   Section      140  fnaninf.o(x$fpl$fnaninf)
    x$fpl$fretinf                            0x080037da   Section       10  fretinf.o(x$fpl$fretinf)
    x$fpl$printf1                            0x080037e4   Section        4  printf1.o(x$fpl$printf1)
    .constdata                               0x080037e8   Section      148  bigflt0.o(.constdata)
    x$fpl$usenofp                            0x080037e8   Section        0  usenofp.o(x$fpl$usenofp)
    tenpwrs_x                                0x080037e8   Data          60  bigflt0.o(.constdata)
    tenpwrs_i                                0x08003824   Data          64  bigflt0.o(.constdata)
    locale$$data                             0x0800389c   Section       28  lc_numeric_c.o(locale$$data)
    __lcnum_c_name                           0x080038a0   Data           2  lc_numeric_c.o(locale$$data)
    __lcnum_c_start                          0x080038a8   Data           0  lc_numeric_c.o(locale$$data)
    __lcnum_c_point                          0x080038b4   Data           0  lc_numeric_c.o(locale$$data)
    __lcnum_c_thousands                      0x080038b6   Data           0  lc_numeric_c.o(locale$$data)
    __lcnum_c_grouping                       0x080038b7   Data           0  lc_numeric_c.o(locale$$data)
    __lcnum_c_end                            0x080038b8   Data           0  lc_numeric_c.o(locale$$data)
    .data                                    0x20000000   Section       20  system_stm32f10x.o(.data)
    .data                                    0x20000014   Section        4  delay.o(.data)
    fac_us                                   0x20000014   Data           1  delay.o(.data)
    fac_ms                                   0x20000016   Data           2  delay.o(.data)
    .data                                    0x20000018   Section        8  usart1.o(.data)
    .data                                    0x20000020   Section        8  tim3.o(.data)
    pulse_cnt                                0x20000020   Data           4  tim3.o(.data)
    length                                   0x20000024   Data           4  tim3.o(.data)
    .data                                    0x20000028   Section        1  motor.o(.data)
    cnt                                      0x20000028   Data           1  motor.o(.data)
    .data                                    0x20000029   Section       20  stm32f10x_rcc.o(.data)
    APBAHBPrescTable                         0x20000029   Data          16  stm32f10x_rcc.o(.data)
    ADCPrescTable                            0x20000039   Data           4  stm32f10x_rcc.o(.data)
    .bss                                     0x20000040   Section      200  usart1.o(.bss)
    .bss                                     0x20000108   Section       96  libspace.o(.bss)
    HEAP                                     0x20000168   Section      512  startup_stm32f10x_hd.o(HEAP)
    Heap_Mem                                 0x20000168   Data         512  startup_stm32f10x_hd.o(HEAP)
    STACK                                    0x20000368   Section     1024  startup_stm32f10x_hd.o(STACK)
    Stack_Mem                                0x20000368   Data        1024  startup_stm32f10x_hd.o(STACK)
    __initial_sp                             0x20000768   Data           0  startup_stm32f10x_hd.o(STACK)

    Global Symbols

    Symbol Name                              Value     Ov Type        Size  Object(Section)

    BuildAttributes$$THM_ISAv4$P$D$K$B$S$PE$A:L22UL41UL21$X:L11$S22US41US21$IEEE1$IW$USESV6$~STKCKD$USESV7$~SHL$OTIME$ROPI$IEEEJ$EBA8$UX$STANDARDLIB$REQ8$PRES8$EABIv2 0x00000000   Number         0  anon$$obj.o ABSOLUTE
    __ARM_use_no_argv                        0x00000000   Number         0  main.o ABSOLUTE
    _printf_flags                            0x00000000   Number         0  printf_stubs.o ABSOLUTE
    _printf_return_value                     0x00000000   Number         0  printf_stubs.o ABSOLUTE
    _printf_sizespec                         0x00000000   Number         0  printf_stubs.o ABSOLUTE
    _printf_widthprec                        0x00000000   Number         0  printf_stubs.o ABSOLUTE
    __ARM_exceptions_init                     - Undefined Weak Reference
    __alloca_initialize                       - Undefined Weak Reference
    __cpp_initialize__aeabi_                  - Undefined Weak Reference
    __cxa_finalize                            - Undefined Weak Reference
    __sigvec_lookup                           - Undefined Weak Reference
    _atexit_init                              - Undefined Weak Reference
    _call_atexit_fns                          - Undefined Weak Reference
    _clock_init                               - Undefined Weak Reference
    _fp_trap_init                             - Undefined Weak Reference
    _fp_trap_shutdown                         - Undefined Weak Reference
    _get_lc_collate                           - Undefined Weak Reference
    _get_lc_ctype                             - Undefined Weak Reference
    _get_lc_monetary                          - Undefined Weak Reference
    _get_lc_time                              - Undefined Weak Reference
    _getenv_init                              - Undefined Weak Reference
    _handle_redirection                       - Undefined Weak Reference
    _init_alloc                               - Undefined Weak Reference
    _init_user_alloc                          - Undefined Weak Reference
    _initio                                   - Undefined Weak Reference
    _mutex_acquire                            - Undefined Weak Reference
    _mutex_release                            - Undefined Weak Reference
    _printf_post_padding                      - Undefined Weak Reference
    _printf_pre_padding                       - Undefined Weak Reference
    _rand_init                                - Undefined Weak Reference
    _signal_finish                            - Undefined Weak Reference
    _signal_init                              - Undefined Weak Reference
    _terminate_alloc                          - Undefined Weak Reference
    _terminate_user_alloc                     - Undefined Weak Reference
    _terminateio                              - Undefined Weak Reference
    __Vectors_Size                           0x00000130   Number         0  startup_stm32f10x_hd.o ABSOLUTE
    __Vectors                                0x08000000   Data           4  startup_stm32f10x_hd.o(RESET)
    __Vectors_End                            0x08000130   Data           0  startup_stm32f10x_hd.o(RESET)
    __main                                   0x08000131   Thumb Code     8  __main.o(!!!main)
    __scatterload                            0x08000139   Thumb Code     0  __scatter.o(!!!scatter)
    __scatterload_rt2                        0x08000139   Thumb Code    44  __scatter.o(!!!scatter)
    __scatterload_rt2_thumb_only             0x08000139   Thumb Code     0  __scatter.o(!!!scatter)
    __scatterload_null                       0x08000147   Thumb Code     0  __scatter.o(!!!scatter)
    __scatterload_copy                       0x0800016d   Thumb Code    26  __scatter_copy.o(!!handler_copy)
    __scatterload_zeroinit                   0x08000189   Thumb Code    28  __scatter_zi.o(!!handler_zi)
    _printf_f                                0x080001a5   Thumb Code     0  _printf_f.o(.ARM.Collect$$_printf_percent$$00000003)
    _printf_percent                          0x080001a5   Thumb Code     0  _printf_percent.o(.ARM.Collect$$_printf_percent$$00000000)
    _printf_percent_end                      0x080001ab   Thumb Code     0  _printf_percent_end.o(.ARM.Collect$$_printf_percent$$00000017)
    __rt_lib_init                            0x080001af   Thumb Code     0  libinit.o(.ARM.Collect$$libinit$$00000000)
    __rt_lib_init_fp_1                       0x080001b1   Thumb Code     0  libinit2.o(.ARM.Collect$$libinit$$00000002)
    __rt_lib_init_heap_1                     0x080001b1   Thumb Code     0  libinit2.o(.ARM.Collect$$libinit$$00000008)
    __rt_lib_init_lc_common                  0x080001b1   Thumb Code     0  libinit2.o(.ARM.Collect$$libinit$$0000000D)
    __rt_lib_init_rand_1                     0x080001b1   Thumb Code     0  libinit2.o(.ARM.Collect$$libinit$$0000000C)
    __rt_lib_init_user_alloc_1               0x080001b1   Thumb Code     0  libinit2.o(.ARM.Collect$$libinit$$0000000A)
    __rt_lib_init_lc_collate_1               0x080001b7   Thumb Code     0  libinit2.o(.ARM.Collect$$libinit$$0000000F)
    __rt_lib_init_lc_ctype_1                 0x080001b7   Thumb Code     0  libinit2.o(.ARM.Collect$$libinit$$00000011)
    __rt_lib_init_lc_monetary_1              0x080001b7   Thumb Code     0  libinit2.o(.ARM.Collect$$libinit$$00000013)
    __rt_lib_init_lc_numeric_2               0x080001b7   Thumb Code     0  libinit2.o(.ARM.Collect$$libinit$$00000014)
    __rt_lib_init_alloca_1                   0x080001c1   Thumb Code     0  libinit2.o(.ARM.Collect$$libinit$$0000002C)
    __rt_lib_init_argv_1                     0x080001c1   Thumb Code     0  libinit2.o(.ARM.Collect$$libinit$$0000002A)
    __rt_lib_init_atexit_1                   0x080001c1   Thumb Code     0  libinit2.o(.ARM.Collect$$libinit$$00000019)
    __rt_lib_init_clock_1                    0x080001c1   Thumb Code     0  libinit2.o(.ARM.Collect$$libinit$$0000001F)
    __rt_lib_init_cpp_1                      0x080001c1   Thumb Code     0  libinit2.o(.ARM.Collect$$libinit$$00000030)
    __rt_lib_init_exceptions_1               0x080001c1   Thumb Code     0  libinit2.o(.ARM.Collect$$libinit$$0000002E)
    __rt_lib_init_fp_trap_1                  0x080001c1   Thumb Code     0  libinit2.o(.ARM.Collect$$libinit$$0000001D)
    __rt_lib_init_getenv_1                   0x080001c1   Thumb Code     0  libinit2.o(.ARM.Collect$$libinit$$00000021)
    __rt_lib_init_lc_numeric_1               0x080001c1   Thumb Code     0  libinit2.o(.ARM.Collect$$libinit$$00000015)
    __rt_lib_init_lc_time_1                  0x080001c1   Thumb Code     0  libinit2.o(.ARM.Collect$$libinit$$00000017)
    __rt_lib_init_return                     0x080001c1   Thumb Code     0  libinit2.o(.ARM.Collect$$libinit$$00000031)
    __rt_lib_init_signal_1                   0x080001c1   Thumb Code     0  libinit2.o(.ARM.Collect$$libinit$$0000001B)
    __rt_lib_init_stdio_1                    0x080001c1   Thumb Code     0  libinit2.o(.ARM.Collect$$libinit$$00000023)
    __rt_lib_shutdown                        0x080001c3   Thumb Code     0  libshutdown.o(.ARM.Collect$$libshutdown$$00000000)
    __rt_lib_shutdown_fp_trap_1              0x080001c5   Thumb Code     0  libshutdown2.o(.ARM.Collect$$libshutdown$$00000006)
    __rt_lib_shutdown_heap_1                 0x080001c5   Thumb Code     0  libshutdown2.o(.ARM.Collect$$libshutdown$$0000000E)
    __rt_lib_shutdown_return                 0x080001c5   Thumb Code     0  libshutdown2.o(.ARM.Collect$$libshutdown$$0000000F)
    __rt_lib_shutdown_signal_1               0x080001c5   Thumb Code     0  libshutdown2.o(.ARM.Collect$$libshutdown$$00000009)
    __rt_lib_shutdown_stdio_1                0x080001c5   Thumb Code     0  libshutdown2.o(.ARM.Collect$$libshutdown$$00000003)
    __rt_lib_shutdown_user_alloc_1           0x080001c5   Thumb Code     0  libshutdown2.o(.ARM.Collect$$libshutdown$$0000000B)
    __rt_entry                               0x080001c7   Thumb Code     0  rtentry.o(.ARM.Collect$$rtentry$$00000000)
    __rt_entry_presh_1                       0x080001c7   Thumb Code     0  rtentry2.o(.ARM.Collect$$rtentry$$00000002)
    __rt_entry_sh                            0x080001c7   Thumb Code     0  rtentry4.o(.ARM.Collect$$rtentry$$00000004)
    __rt_entry_li                            0x080001cd   Thumb Code     0  rtentry2.o(.ARM.Collect$$rtentry$$0000000A)
    __rt_entry_postsh_1                      0x080001cd   Thumb Code     0  rtentry2.o(.ARM.Collect$$rtentry$$00000009)
    __rt_entry_main                          0x080001d1   Thumb Code     0  rtentry2.o(.ARM.Collect$$rtentry$$0000000D)
    __rt_entry_postli_1                      0x080001d1   Thumb Code     0  rtentry2.o(.ARM.Collect$$rtentry$$0000000C)
    __rt_exit                                0x080001d9   Thumb Code     0  rtexit.o(.ARM.Collect$$rtexit$$00000000)
    __rt_exit_ls                             0x080001db   Thumb Code     0  rtexit2.o(.ARM.Collect$$rtexit$$00000003)
    __rt_exit_prels_1                        0x080001db   Thumb Code     0  rtexit2.o(.ARM.Collect$$rtexit$$00000002)
    __rt_exit_exit                           0x080001df   Thumb Code     0  rtexit2.o(.ARM.Collect$$rtexit$$00000004)
    All_Init                                 0x080001e5   Thumb Code    64  main.o(.text)
    main                                     0x08000225   Thumb Code    14  main.o(.text)
    NMI_Handler                              0x08000233   Thumb Code     2  stm32f10x_it.o(.text)
    HardFault_Handler                        0x08000235   Thumb Code     4  stm32f10x_it.o(.text)
    MemManage_Handler                        0x08000239   Thumb Code     4  stm32f10x_it.o(.text)
    BusFault_Handler                         0x0800023d   Thumb Code     4  stm32f10x_it.o(.text)
    UsageFault_Handler                       0x08000241   Thumb Code     4  stm32f10x_it.o(.text)
    SVC_Handler                              0x08000245   Thumb Code     2  stm32f10x_it.o(.text)
    DebugMon_Handler                         0x08000247   Thumb Code     2  stm32f10x_it.o(.text)
    PendSV_Handler                           0x08000249   Thumb Code     2  stm32f10x_it.o(.text)
    SysTick_Handler                          0x0800024b   Thumb Code     2  stm32f10x_it.o(.text)
    SystemInit                               0x08000329   Thumb Code    78  system_stm32f10x.o(.text)
    SystemCoreClockUpdate                    0x08000377   Thumb Code   142  system_stm32f10x.o(.text)
    delay_Init                               0x08000429   Thumb Code    50  delay.o(.text)
    delay_ms                                 0x0800045b   Thumb Code    70  delay.o(.text)
    delay_us                                 0x080004a1   Thumb Code    70  delay.o(.text)
    _sys_exit                                0x080004f9   Thumb Code     6  usart1.o(.text)
    fputc                                    0x080004ff   Thumb Code    22  usart1.o(.text)
    usart1_Init                              0x08000515   Thumb Code   154  usart1.o(.text)
    USART1_IRQHandler                        0x080005af   Thumb Code   122  usart1.o(.text)
    u1_PrintfStr                             0x08000629   Thumb Code    38  usart1.o(.text)
    u1_Enter                                 0x0800064f   Thumb Code    10  usart1.o(.text)
    u32tostr                                 0x08000659   Thumb Code    88  usart1.o(.text)
    u1_PrintfNum                             0x080006b1   Thumb Code    24  usart1.o(.text)
    u1_printf                                0x080006c9   Thumb Code    24  usart1.o(.text)
    strtou32                                 0x080006e1   Thumb Code    40  usart1.o(.text)
    Reset_Handler                            0x0800071d   Thumb Code     8  startup_stm32f10x_hd.o(.text)
    ADC1_2_IRQHandler                        0x08000737   Thumb Code     0  startup_stm32f10x_hd.o(.text)
    ADC3_IRQHandler                          0x08000737   Thumb Code     0  startup_stm32f10x_hd.o(.text)
    CAN1_RX1_IRQHandler                      0x08000737   Thumb Code     0  startup_stm32f10x_hd.o(.text)
    CAN1_SCE_IRQHandler                      0x08000737   Thumb Code     0  startup_stm32f10x_hd.o(.text)
    DMA1_Channel1_IRQHandler                 0x08000737   Thumb Code     0  startup_stm32f10x_hd.o(.text)
    DMA1_Channel2_IRQHandler                 0x08000737   Thumb Code     0  startup_stm32f10x_hd.o(.text)
    DMA1_Channel3_IRQHandler                 0x08000737   Thumb Code     0  startup_stm32f10x_hd.o(.text)
    DMA1_Channel4_IRQHandler                 0x08000737   Thumb Code     0  startup_stm32f10x_hd.o(.text)
    DMA1_Channel5_IRQHandler                 0x08000737   Thumb Code     0  startup_stm32f10x_hd.o(.text)
    DMA1_Channel6_IRQHandler                 0x08000737   Thumb Code     0  startup_stm32f10x_hd.o(.text)
    DMA1_Channel7_IRQHandler                 0x08000737   Thumb Code     0  startup_stm32f10x_hd.o(.text)
    DMA2_Channel1_IRQHandler                 0x08000737   Thumb Code     0  startup_stm32f10x_hd.o(.text)
    DMA2_Channel2_IRQHandler                 0x08000737   Thumb Code     0  startup_stm32f10x_hd.o(.text)
    DMA2_Channel3_IRQHandler                 0x08000737   Thumb Code     0  startup_stm32f10x_hd.o(.text)
    DMA2_Channel4_5_IRQHandler               0x08000737   Thumb Code     0  startup_stm32f10x_hd.o(.text)
    EXTI0_IRQHandler                         0x08000737   Thumb Code     0  startup_stm32f10x_hd.o(.text)
    EXTI15_10_IRQHandler                     0x08000737   Thumb Code     0  startup_stm32f10x_hd.o(.text)
    EXTI1_IRQHandler                         0x08000737   Thumb Code     0  startup_stm32f10x_hd.o(.text)
    EXTI2_IRQHandler                         0x08000737   Thumb Code     0  startup_stm32f10x_hd.o(.text)
    EXTI3_IRQHandler                         0x08000737   Thumb Code     0  startup_stm32f10x_hd.o(.text)
    EXTI4_IRQHandler                         0x08000737   Thumb Code     0  startup_stm32f10x_hd.o(.text)
    EXTI9_5_IRQHandler                       0x08000737   Thumb Code     0  startup_stm32f10x_hd.o(.text)
    FLASH_IRQHandler                         0x08000737   Thumb Code     0  startup_stm32f10x_hd.o(.text)
    FSMC_IRQHandler                          0x08000737   Thumb Code     0  startup_stm32f10x_hd.o(.text)
    I2C1_ER_IRQHandler                       0x08000737   Thumb Code     0  startup_stm32f10x_hd.o(.text)
    I2C1_EV_IRQHandler                       0x08000737   Thumb Code     0  startup_stm32f10x_hd.o(.text)
    I2C2_ER_IRQHandler                       0x08000737   Thumb Code     0  startup_stm32f10x_hd.o(.text)
    I2C2_EV_IRQHandler                       0x08000737   Thumb Code     0  startup_stm32f10x_hd.o(.text)
    PVD_IRQHandler                           0x08000737   Thumb Code     0  startup_stm32f10x_hd.o(.text)
    RCC_IRQHandler                           0x08000737   Thumb Code     0  startup_stm32f10x_hd.o(.text)
    RTCAlarm_IRQHandler                      0x08000737   Thumb Code     0  startup_stm32f10x_hd.o(.text)
    RTC_IRQHandler                           0x08000737   Thumb Code     0  startup_stm32f10x_hd.o(.text)
    SDIO_IRQHandler                          0x08000737   Thumb Code     0  startup_stm32f10x_hd.o(.text)
    SPI1_IRQHandler                          0x08000737   Thumb Code     0  startup_stm32f10x_hd.o(.text)
    SPI2_IRQHandler                          0x08000737   Thumb Code     0  startup_stm32f10x_hd.o(.text)
    SPI3_IRQHandler                          0x08000737   Thumb Code     0  startup_stm32f10x_hd.o(.text)
    TAMPER_IRQHandler                        0x08000737   Thumb Code     0  startup_stm32f10x_hd.o(.text)
    TIM1_BRK_IRQHandler                      0x08000737   Thumb Code     0  startup_stm32f10x_hd.o(.text)
    TIM1_CC_IRQHandler                       0x08000737   Thumb Code     0  startup_stm32f10x_hd.o(.text)
    TIM1_TRG_COM_IRQHandler                  0x08000737   Thumb Code     0  startup_stm32f10x_hd.o(.text)
    TIM1_UP_IRQHandler                       0x08000737   Thumb Code     0  startup_stm32f10x_hd.o(.text)
    TIM4_IRQHandler                          0x08000737   Thumb Code     0  startup_stm32f10x_hd.o(.text)
    TIM5_IRQHandler                          0x08000737   Thumb Code     0  startup_stm32f10x_hd.o(.text)
    TIM6_IRQHandler                          0x08000737   Thumb Code     0  startup_stm32f10x_hd.o(.text)
    TIM7_IRQHandler                          0x08000737   Thumb Code     0  startup_stm32f10x_hd.o(.text)
    TIM8_BRK_IRQHandler                      0x08000737   Thumb Code     0  startup_stm32f10x_hd.o(.text)
    TIM8_CC_IRQHandler                       0x08000737   Thumb Code     0  startup_stm32f10x_hd.o(.text)
    TIM8_TRG_COM_IRQHandler                  0x08000737   Thumb Code     0  startup_stm32f10x_hd.o(.text)
    TIM8_UP_IRQHandler                       0x08000737   Thumb Code     0  startup_stm32f10x_hd.o(.text)
    UART4_IRQHandler                         0x08000737   Thumb Code     0  startup_stm32f10x_hd.o(.text)
    UART5_IRQHandler                         0x08000737   Thumb Code     0  startup_stm32f10x_hd.o(.text)
    USART2_IRQHandler                        0x08000737   Thumb Code     0  startup_stm32f10x_hd.o(.text)
    USART3_IRQHandler                        0x08000737   Thumb Code     0  startup_stm32f10x_hd.o(.text)
    USBWakeUp_IRQHandler                     0x08000737   Thumb Code     0  startup_stm32f10x_hd.o(.text)
    USB_HP_CAN1_TX_IRQHandler                0x08000737   Thumb Code     0  startup_stm32f10x_hd.o(.text)
    USB_LP_CAN1_RX0_IRQHandler               0x08000737   Thumb Code     0  startup_stm32f10x_hd.o(.text)
    WWDG_IRQHandler                          0x08000737   Thumb Code     0  startup_stm32f10x_hd.o(.text)
    __user_initial_stackheap                 0x08000739   Thumb Code     0  startup_stm32f10x_hd.o(.text)
    LED_Init                                 0x0800075d   Thumb Code    70  led.o(.text)
    TIM3_Init                                0x080007b1   Thumb Code    90  tim3.o(.text)
    TIM3_IRQHandler                          0x0800080b   Thumb Code    98  tim3.o(.text)
    Encoder_Init_TIM4                        0x08000895   Thumb Code   148  encoder.o(.text)
    Read_Encoder                             0x08000929   Thumb Code    18  encoder.o(.text)
    Read_Site                                0x0800093b   Thumb Code    28  encoder.o(.text)
    SetPwmValu                               0x08000961   Thumb Code    16  tim2.o(.text)
    TIM2_Init                                0x08000971   Thumb Code    90  tim2.o(.text)
    TIM2_PWM_Init                            0x080009cb   Thumb Code   134  tim2.o(.text)
    TIM2_IRQHandler                          0x08000a51   Thumb Code    22  tim2.o(.text)
    MotorIO_Init                             0x08000a6d   Thumb Code    74  motor.o(.text)
    SetMotor                                 0x08000ab7   Thumb Code    56  motor.o(.text)
    LenAndPulseSwitch                        0x08000aef   Thumb Code    22  motor.o(.text)
    MotorSetZero                             0x08000b05   Thumb Code    72  motor.o(.text)
    NVIC_PriorityGroupConfig                 0x08000b65   Thumb Code    10  misc.o(.text)
    NVIC_Init                                0x08000b6f   Thumb Code   102  misc.o(.text)
    NVIC_SetVectorTable                      0x08000bd5   Thumb Code    14  misc.o(.text)
    NVIC_SystemLPConfig                      0x08000be3   Thumb Code    34  misc.o(.text)
    SysTick_CLKSourceConfig                  0x08000c05   Thumb Code    40  misc.o(.text)
    GPIO_DeInit                              0x08000c41   Thumb Code   172  stm32f10x_gpio.o(.text)
    GPIO_AFIODeInit                          0x08000ced   Thumb Code    20  stm32f10x_gpio.o(.text)
    GPIO_Init                                0x08000d01   Thumb Code   274  stm32f10x_gpio.o(.text)
    GPIO_StructInit                          0x08000e13   Thumb Code    16  stm32f10x_gpio.o(.text)
    GPIO_ReadInputDataBit                    0x08000e23   Thumb Code    18  stm32f10x_gpio.o(.text)
    GPIO_ReadInputData                       0x08000e35   Thumb Code     8  stm32f10x_gpio.o(.text)
    GPIO_ReadOutputDataBit                   0x08000e3d   Thumb Code    18  stm32f10x_gpio.o(.text)
    GPIO_ReadOutputData                      0x08000e4f   Thumb Code     8  stm32f10x_gpio.o(.text)
    GPIO_SetBits                             0x08000e57   Thumb Code     4  stm32f10x_gpio.o(.text)
    GPIO_ResetBits                           0x08000e5b   Thumb Code     4  stm32f10x_gpio.o(.text)
    GPIO_WriteBit                            0x08000e5f   Thumb Code    10  stm32f10x_gpio.o(.text)
    GPIO_Write                               0x08000e69   Thumb Code     4  stm32f10x_gpio.o(.text)
    GPIO_PinLockConfig                       0x08000e6d   Thumb Code    18  stm32f10x_gpio.o(.text)
    GPIO_EventOutputConfig                   0x08000e7f   Thumb Code    26  stm32f10x_gpio.o(.text)
    GPIO_EventOutputCmd                      0x08000e99   Thumb Code     6  stm32f10x_gpio.o(.text)
    GPIO_PinRemapConfig                      0x08000e9f   Thumb Code   138  stm32f10x_gpio.o(.text)
    GPIO_EXTILineConfig                      0x08000f29   Thumb Code    66  stm32f10x_gpio.o(.text)
    GPIO_ETH_MediaInterfaceConfig            0x08000f6b   Thumb Code     6  stm32f10x_gpio.o(.text)
    RCC_DeInit                               0x08000f99   Thumb Code    64  stm32f10x_rcc.o(.text)
    RCC_HSEConfig                            0x08000fd9   Thumb Code    70  stm32f10x_rcc.o(.text)
    RCC_GetFlagStatus                        0x0800101f   Thumb Code    56  stm32f10x_rcc.o(.text)
    RCC_WaitForHSEStartUp                    0x08001057   Thumb Code    56  stm32f10x_rcc.o(.text)
    RCC_AdjustHSICalibrationValue            0x0800108f   Thumb Code    20  stm32f10x_rcc.o(.text)
    RCC_HSICmd                               0x080010a3   Thumb Code     6  stm32f10x_rcc.o(.text)
    RCC_PLLConfig                            0x080010a9   Thumb Code    24  stm32f10x_rcc.o(.text)
    RCC_PLLCmd                               0x080010c1   Thumb Code     6  stm32f10x_rcc.o(.text)
    RCC_SYSCLKConfig                         0x080010c7   Thumb Code    18  stm32f10x_rcc.o(.text)
    RCC_GetSYSCLKSource                      0x080010d9   Thumb Code    10  stm32f10x_rcc.o(.text)
    RCC_HCLKConfig                           0x080010e3   Thumb Code    18  stm32f10x_rcc.o(.text)
    RCC_PCLK1Config                          0x080010f5   Thumb Code    18  stm32f10x_rcc.o(.text)
    RCC_PCLK2Config                          0x08001107   Thumb Code    20  stm32f10x_rcc.o(.text)
    RCC_ITConfig                             0x0800111b   Thumb Code    26  stm32f10x_rcc.o(.text)
    RCC_USBCLKConfig                         0x08001135   Thumb Code     6  stm32f10x_rcc.o(.text)
    RCC_ADCCLKConfig                         0x0800113b   Thumb Code    18  stm32f10x_rcc.o(.text)
    RCC_LSEConfig                            0x0800114d   Thumb Code    44  stm32f10x_rcc.o(.text)
    RCC_LSICmd                               0x08001179   Thumb Code     6  stm32f10x_rcc.o(.text)
    RCC_RTCCLKConfig                         0x0800117f   Thumb Code    12  stm32f10x_rcc.o(.text)
    RCC_RTCCLKCmd                            0x0800118b   Thumb Code     8  stm32f10x_rcc.o(.text)
    RCC_GetClocksFreq                        0x08001193   Thumb Code   192  stm32f10x_rcc.o(.text)
    RCC_AHBPeriphClockCmd                    0x08001253   Thumb Code    26  stm32f10x_rcc.o(.text)
    RCC_APB2PeriphClockCmd                   0x0800126d   Thumb Code    26  stm32f10x_rcc.o(.text)
    RCC_APB1PeriphClockCmd                   0x08001287   Thumb Code    26  stm32f10x_rcc.o(.text)
    RCC_APB2PeriphResetCmd                   0x080012a1   Thumb Code    26  stm32f10x_rcc.o(.text)
    RCC_APB1PeriphResetCmd                   0x080012bb   Thumb Code    26  stm32f10x_rcc.o(.text)
    RCC_BackupResetCmd                       0x080012d5   Thumb Code     8  stm32f10x_rcc.o(.text)
    RCC_ClockSecuritySystemCmd               0x080012dd   Thumb Code     6  stm32f10x_rcc.o(.text)
    RCC_MCOConfig                            0x080012e3   Thumb Code     6  stm32f10x_rcc.o(.text)
    RCC_ClearFlag                            0x080012e9   Thumb Code    14  stm32f10x_rcc.o(.text)
    RCC_GetITStatus                          0x080012f7   Thumb Code    20  stm32f10x_rcc.o(.text)
    RCC_ClearITPendingBit                    0x0800130b   Thumb Code     6  stm32f10x_rcc.o(.text)
    TIM_DeInit                               0x0800133d   Thumb Code   424  stm32f10x_tim.o(.text)
    TIM_TimeBaseInit                         0x080014e5   Thumb Code   122  stm32f10x_tim.o(.text)
    TIM_OC1Init                              0x0800155f   Thumb Code   132  stm32f10x_tim.o(.text)
    TIM_OC2Init                              0x080015e3   Thumb Code   154  stm32f10x_tim.o(.text)
    TIM_OC3Init                              0x0800167d   Thumb Code   150  stm32f10x_tim.o(.text)
    TIM_OC4Init                              0x08001713   Thumb Code   182  stm32f10x_tim.o(.text)
    TIM_SetIC4Prescaler                      0x080017c9   Thumb Code    26  stm32f10x_tim.o(.text)
    TIM_SetIC3Prescaler                      0x08001865   Thumb Code    18  stm32f10x_tim.o(.text)
    TIM_SetIC2Prescaler                      0x080018f1   Thumb Code    26  stm32f10x_tim.o(.text)
    TIM_SetIC1Prescaler                      0x0800198d   Thumb Code    18  stm32f10x_tim.o(.text)
    TIM_ICInit                               0x08001a0b   Thumb Code   150  stm32f10x_tim.o(.text)
    TIM_PWMIConfig                           0x08001aa1   Thumb Code   124  stm32f10x_tim.o(.text)
    TIM_BDTRConfig                           0x08001b1d   Thumb Code    32  stm32f10x_tim.o(.text)
    TIM_TimeBaseStructInit                   0x08001b3d   Thumb Code    18  stm32f10x_tim.o(.text)
    TIM_OCStructInit                         0x08001b4f   Thumb Code    20  stm32f10x_tim.o(.text)
    TIM_ICStructInit                         0x08001b63   Thumb Code    18  stm32f10x_tim.o(.text)
    TIM_BDTRStructInit                       0x08001b75   Thumb Code    40  stm32f10x_tim.o(.text)
    TIM_Cmd                                  0x08001b9d   Thumb Code    24  stm32f10x_tim.o(.text)
    TIM_CtrlPWMOutputs                       0x08001bb5   Thumb Code    30  stm32f10x_tim.o(.text)
    TIM_ITConfig                             0x08001bd3   Thumb Code    18  stm32f10x_tim.o(.text)
    TIM_GenerateEvent                        0x08001be5   Thumb Code     4  stm32f10x_tim.o(.text)
    TIM_DMAConfig                            0x08001be9   Thumb Code    10  stm32f10x_tim.o(.text)
    TIM_DMACmd                               0x08001bf3   Thumb Code    18  stm32f10x_tim.o(.text)
    TIM_InternalClockConfig                  0x08001c05   Thumb Code    12  stm32f10x_tim.o(.text)
    TIM_SelectInputTrigger                   0x08001c11   Thumb Code    18  stm32f10x_tim.o(.text)
    TIM_ITRxExternalClockConfig              0x08001c23   Thumb Code    24  stm32f10x_tim.o(.text)
    TIM_TIxExternalClockConfig               0x08001c3b   Thumb Code    62  stm32f10x_tim.o(.text)
    TIM_ETRConfig                            0x08001c79   Thumb Code    28  stm32f10x_tim.o(.text)
    TIM_ETRClockMode1Config                  0x08001c95   Thumb Code    54  stm32f10x_tim.o(.text)
    TIM_ETRClockMode2Config                  0x08001ccb   Thumb Code    32  stm32f10x_tim.o(.text)
    TIM_PrescalerConfig                      0x08001ceb   Thumb Code     6  stm32f10x_tim.o(.text)
    TIM_CounterModeConfig                    0x08001cf1   Thumb Code    18  stm32f10x_tim.o(.text)
    TIM_EncoderInterfaceConfig               0x08001d03   Thumb Code    66  stm32f10x_tim.o(.text)
    TIM_ForcedOC1Config                      0x08001d45   Thumb Code    18  stm32f10x_tim.o(.text)
    TIM_ForcedOC2Config                      0x08001d57   Thumb Code    26  stm32f10x_tim.o(.text)
    TIM_ForcedOC3Config                      0x08001d71   Thumb Code    18  stm32f10x_tim.o(.text)
    TIM_ForcedOC4Config                      0x08001d83   Thumb Code    26  stm32f10x_tim.o(.text)
    TIM_ARRPreloadConfig                     0x08001d9d   Thumb Code    24  stm32f10x_tim.o(.text)
    TIM_SelectCOM                            0x08001db5   Thumb Code    24  stm32f10x_tim.o(.text)
    TIM_SelectCCDMA                          0x08001dcd   Thumb Code    24  stm32f10x_tim.o(.text)
    TIM_CCPreloadControl                     0x08001de5   Thumb Code    24  stm32f10x_tim.o(.text)
    TIM_OC1PreloadConfig                     0x08001dfd   Thumb Code    18  stm32f10x_tim.o(.text)
    TIM_OC2PreloadConfig                     0x08001e0f   Thumb Code    26  stm32f10x_tim.o(.text)
    TIM_OC3PreloadConfig                     0x08001e29   Thumb Code    18  stm32f10x_tim.o(.text)
    TIM_OC4PreloadConfig                     0x08001e3b   Thumb Code    26  stm32f10x_tim.o(.text)
    TIM_OC1FastConfig                        0x08001e55   Thumb Code    18  stm32f10x_tim.o(.text)
    TIM_OC2FastConfig                        0x08001e67   Thumb Code    26  stm32f10x_tim.o(.text)
    TIM_OC3FastConfig                        0x08001e81   Thumb Code    18  stm32f10x_tim.o(.text)
    TIM_OC4FastConfig                        0x08001e93   Thumb Code    26  stm32f10x_tim.o(.text)
    TIM_ClearOC1Ref                          0x08001ead   Thumb Code    18  stm32f10x_tim.o(.text)
    TIM_ClearOC2Ref                          0x08001ebf   Thumb Code    24  stm32f10x_tim.o(.text)
    TIM_ClearOC3Ref                          0x08001ed7   Thumb Code    18  stm32f10x_tim.o(.text)
    TIM_ClearOC4Ref                          0x08001ee9   Thumb Code    24  stm32f10x_tim.o(.text)
    TIM_OC1PolarityConfig                    0x08001f01   Thumb Code    18  stm32f10x_tim.o(.text)
    TIM_OC1NPolarityConfig                   0x08001f13   Thumb Code    18  stm32f10x_tim.o(.text)
    TIM_OC2PolarityConfig                    0x08001f25   Thumb Code    26  stm32f10x_tim.o(.text)
    TIM_OC2NPolarityConfig                   0x08001f3f   Thumb Code    26  stm32f10x_tim.o(.text)
    TIM_OC3PolarityConfig                    0x08001f59   Thumb Code    26  stm32f10x_tim.o(.text)
    TIM_OC3NPolarityConfig                   0x08001f73   Thumb Code    26  stm32f10x_tim.o(.text)
    TIM_OC4PolarityConfig                    0x08001f8d   Thumb Code    26  stm32f10x_tim.o(.text)
    TIM_CCxCmd                               0x08001fa7   Thumb Code    30  stm32f10x_tim.o(.text)
    TIM_CCxNCmd                              0x08001fc5   Thumb Code    30  stm32f10x_tim.o(.text)
    TIM_SelectOCxM                           0x08001fe3   Thumb Code    82  stm32f10x_tim.o(.text)
    TIM_UpdateDisableConfig                  0x08002035   Thumb Code    24  stm32f10x_tim.o(.text)
    TIM_UpdateRequestConfig                  0x0800204d   Thumb Code    24  stm32f10x_tim.o(.text)
    TIM_SelectHallSensor                     0x08002065   Thumb Code    24  stm32f10x_tim.o(.text)
    TIM_SelectOnePulseMode                   0x0800207d   Thumb Code    18  stm32f10x_tim.o(.text)
    TIM_SelectOutputTrigger                  0x0800208f   Thumb Code    18  stm32f10x_tim.o(.text)
    TIM_SelectSlaveMode                      0x080020a1   Thumb Code    18  stm32f10x_tim.o(.text)
    TIM_SelectMasterSlaveMode                0x080020b3   Thumb Code    18  stm32f10x_tim.o(.text)
    TIM_SetCounter                           0x080020c5   Thumb Code     4  stm32f10x_tim.o(.text)
    TIM_SetAutoreload                        0x080020c9   Thumb Code     4  stm32f10x_tim.o(.text)
    TIM_SetCompare1                          0x080020cd   Thumb Code     4  stm32f10x_tim.o(.text)
    TIM_SetCompare2                          0x080020d1   Thumb Code     4  stm32f10x_tim.o(.text)
    TIM_SetCompare3                          0x080020d5   Thumb Code     4  stm32f10x_tim.o(.text)
    TIM_SetCompare4                          0x080020d9   Thumb Code     6  stm32f10x_tim.o(.text)
    TIM_SetClockDivision                     0x080020df   Thumb Code    18  stm32f10x_tim.o(.text)
    TIM_GetCapture1                          0x080020f1   Thumb Code     6  stm32f10x_tim.o(.text)
    TIM_GetCapture2                          0x080020f7   Thumb Code     6  stm32f10x_tim.o(.text)
    TIM_GetCapture3                          0x080020fd   Thumb Code     6  stm32f10x_tim.o(.text)
    TIM_GetCapture4                          0x08002103   Thumb Code     8  stm32f10x_tim.o(.text)
    TIM_GetCounter                           0x0800210b   Thumb Code     6  stm32f10x_tim.o(.text)
    TIM_GetPrescaler                         0x08002111   Thumb Code     6  stm32f10x_tim.o(.text)
    TIM_GetFlagStatus                        0x08002117   Thumb Code    18  stm32f10x_tim.o(.text)
    TIM_ClearFlag                            0x08002129   Thumb Code     6  stm32f10x_tim.o(.text)
    TIM_GetITStatus                          0x0800212f   Thumb Code    34  stm32f10x_tim.o(.text)
    TIM_ClearITPendingBit                    0x08002151   Thumb Code     6  stm32f10x_tim.o(.text)
    USART_DeInit                             0x08002159   Thumb Code   134  stm32f10x_usart.o(.text)
    USART_Init                               0x080021df   Thumb Code   210  stm32f10x_usart.o(.text)
    USART_StructInit                         0x080022b1   Thumb Code    24  stm32f10x_usart.o(.text)
    USART_ClockInit                          0x080022c9   Thumb Code    34  stm32f10x_usart.o(.text)
    USART_ClockStructInit                    0x080022eb   Thumb Code    12  stm32f10x_usart.o(.text)
    USART_Cmd                                0x080022f7   Thumb Code    24  stm32f10x_usart.o(.text)
    USART_ITConfig                           0x0800230f   Thumb Code    74  stm32f10x_usart.o(.text)
    USART_DMACmd                             0x08002359   Thumb Code    18  stm32f10x_usart.o(.text)
    USART_SetAddress                         0x0800236b   Thumb Code    18  stm32f10x_usart.o(.text)
    USART_WakeUpConfig                       0x0800237d   Thumb Code    18  stm32f10x_usart.o(.text)
    USART_ReceiverWakeUpCmd                  0x0800238f   Thumb Code    24  stm32f10x_usart.o(.text)
    USART_LINBreakDetectLengthConfig         0x080023a7   Thumb Code    18  stm32f10x_usart.o(.text)
    USART_LINCmd                             0x080023b9   Thumb Code    24  stm32f10x_usart.o(.text)
    USART_SendData                           0x080023d1   Thumb Code     8  stm32f10x_usart.o(.text)
    USART_ReceiveData                        0x080023d9   Thumb Code    10  stm32f10x_usart.o(.text)
    USART_SendBreak                          0x080023e3   Thumb Code    10  stm32f10x_usart.o(.text)
    USART_SetGuardTime                       0x080023ed   Thumb Code    16  stm32f10x_usart.o(.text)
    USART_SetPrescaler                       0x080023fd   Thumb Code    16  stm32f10x_usart.o(.text)
    USART_SmartCardCmd                       0x0800240d   Thumb Code    24  stm32f10x_usart.o(.text)
    USART_SmartCardNACKCmd                   0x08002425   Thumb Code    24  stm32f10x_usart.o(.text)
    USART_HalfDuplexCmd                      0x0800243d   Thumb Code    24  stm32f10x_usart.o(.text)
    USART_OverSampling8Cmd                   0x08002455   Thumb Code    22  stm32f10x_usart.o(.text)
    USART_OneBitMethodCmd                    0x0800246b   Thumb Code    24  stm32f10x_usart.o(.text)
    USART_IrDAConfig                         0x08002483   Thumb Code    18  stm32f10x_usart.o(.text)
    USART_IrDACmd                            0x08002495   Thumb Code    24  stm32f10x_usart.o(.text)
    USART_GetFlagStatus                      0x080024ad   Thumb Code    26  stm32f10x_usart.o(.text)
    USART_ClearFlag                          0x080024c7   Thumb Code    18  stm32f10x_usart.o(.text)
    USART_GetITStatus                        0x080024d9   Thumb Code    84  stm32f10x_usart.o(.text)
    USART_ClearITPendingBit                  0x0800252d   Thumb Code    52  stm32f10x_usart.o(.text)
    __2printf                                0x08002561   Thumb Code    20  noretval__2printf.o(.text)
    __printf                                 0x08002579   Thumb Code   270  __printf_wp.o(.text)
    __use_two_region_memory                  0x08002687   Thumb Code     2  heapauxi.o(.text)
    __rt_heap_escrow$2region                 0x08002689   Thumb Code     2  heapauxi.o(.text)
    __rt_heap_expand$2region                 0x0800268b   Thumb Code     2  heapauxi.o(.text)
    __lib_sel_fp_printf                      0x0800268d   Thumb Code     2  _printf_fp_dec.o(.text)
    _printf_fp_dec_real                      0x08002839   Thumb Code   628  _printf_fp_dec.o(.text)
    _printf_char_file                        0x08002aad   Thumb Code    32  _printf_char_file.o(.text)
    __rt_locale                              0x08002ad1   Thumb Code     8  rt_locale_intlibspace.o(.text)
    _ll_udiv10                               0x08002ad9   Thumb Code   138  lludiv10.o(.text)
    _printf_char_common                      0x08002b6f   Thumb Code    32  _printf_char_common.o(.text)
    _printf_fp_infnan                        0x08002b95   Thumb Code   112  _printf_fp_infnan.o(.text)
    _btod_etento                             0x08002c15   Thumb Code   222  bigflt0.o(.text)
    ferror                                   0x08002cf9   Thumb Code     8  ferror.o(.text)
    __user_libspace                          0x08002d01   Thumb Code     8  libspace.o(.text)
    __user_perproc_libspace                  0x08002d01   Thumb Code     0  libspace.o(.text)
    __user_perthread_libspace                0x08002d01   Thumb Code     0  libspace.o(.text)
    __user_setup_stackheap                   0x08002d09   Thumb Code    74  sys_stackheap_outer.o(.text)
    exit                                     0x08002d53   Thumb Code    12  exit.o(.text)
    strcmp                                   0x08002d61   Thumb Code   128  strcmpv7m.o(.text)
    _btod_d2e                                0x08002de1   Thumb Code    62  btod.o(CL$$btod_d2e)
    _d2e_denorm_low                          0x08002e1f   Thumb Code    70  btod.o(CL$$btod_d2e_denorm_low)
    _d2e_norm_op1                            0x08002e65   Thumb Code    96  btod.o(CL$$btod_d2e_norm_op1)
    __btod_div_common                        0x08002ec5   Thumb Code   696  btod.o(CL$$btod_div_common)
    _e2e                                     0x080031fd   Thumb Code   198  btod.o(CL$$btod_e2e)
    _btod_ediv                               0x080032c3   Thumb Code    40  btod.o(CL$$btod_ediv)
    _btod_emul                               0x080032eb   Thumb Code    40  btod.o(CL$$btod_emul)
    __btod_mult_common                       0x08003313   Thumb Code   580  btod.o(CL$$btod_mult_common)
    __ARM_fpclassify                         0x08003557   Thumb Code    40  fpclassify.o(i.__ARM_fpclassify)
    _is_digit                                0x0800357f   Thumb Code    14  __printf_wp.o(i._is_digit)
    _get_lc_numeric                          0x0800358d   Thumb Code    44  lc_numeric_c.o(locale$$code)
    __fpl_dretinf                            0x080035b9   Thumb Code    12  dretinf.o(x$fpl$dretinf)
    __aeabi_f2d                              0x080035c5   Thumb Code     0  f2d.o(x$fpl$f2d)
    _f2d                                     0x080035c5   Thumb Code    86  f2d.o(x$fpl$f2d)
    __aeabi_i2f                              0x0800361d   Thumb Code     0  fflt_clz.o(x$fpl$fflt)
    _fflt                                    0x0800361d   Thumb Code    48  fflt_clz.o(x$fpl$fflt)
    __aeabi_fmul                             0x0800364d   Thumb Code     0  fmul.o(x$fpl$fmul)
    _fmul                                    0x0800364d   Thumb Code   258  fmul.o(x$fpl$fmul)
    __fpl_fnaninf                            0x0800374f   Thumb Code   140  fnaninf.o(x$fpl$fnaninf)
    __fpl_fretinf                            0x080037db   Thumb Code    10  fretinf.o(x$fpl$fretinf)
    _printf_fp_dec                           0x080037e5   Thumb Code     4  printf1.o(x$fpl$printf1)
    __I$use$fp                               0x080037e8   Number         0  usenofp.o(x$fpl$usenofp)
    Region$$Table$$Base                      0x0800387c   Number         0  anon$$obj.o(Region$$Table)
    Region$$Table$$Limit                     0x0800389c   Number         0  anon$$obj.o(Region$$Table)
    SystemCoreClock                          0x20000000   Data           4  system_stm32f10x.o(.data)
    AHBPrescTable                            0x20000004   Data          16  system_stm32f10x.o(.data)
    USART1_RX_STA                            0x20000018   Data           2  usart1.o(.data)
    __stdout                                 0x2000001c   Data           4  usart1.o(.data)
    USART1_RX_BUF                            0x20000040   Data         200  usart1.o(.bss)
    __libspace_start                         0x20000108   Data          96  libspace.o(.bss)
    __temporary_stack_top$libspace           0x20000168   Data           0  libspace.o(.bss)



==============================================================================

Memory Map of the image

  Image Entry point : 0x08000131

  Load Region LR_IROM1 (Base: 0x08000000, Size: 0x000038f8, Max: 0x00040000, ABSOLUTE)

    Execution Region ER_IROM1 (Base: 0x08000000, Size: 0x000038b8, Max: 0x00040000, ABSOLUTE)

    Base Addr    Size         Type   Attr      Idx    E Section Name        Object

    0x08000000   0x00000130   Data   RO          233    RESET               startup_stm32f10x_hd.o
    0x08000130   0x00000008   Code   RO          639  * !!!main             c_w.l(__main.o)
    0x08000138   0x00000034   Code   RO          878    !!!scatter          c_w.l(__scatter.o)
    0x0800016c   0x0000001a   Code   RO          880    !!handler_copy      c_w.l(__scatter_copy.o)
    0x08000186   0x00000002   PAD
    0x08000188   0x0000001c   Code   RO          882    !!handler_zi        c_w.l(__scatter_zi.o)
    0x080001a4   0x00000000   Code   RO          636    .ARM.Collect$$_printf_percent$$00000000  c_w.l(_printf_percent.o)
    0x080001a4   0x00000006   Code   RO          635    .ARM.Collect$$_printf_percent$$00000003  c_w.l(_printf_f.o)
    0x080001aa   0x00000004   Code   RO          668    .ARM.Collect$$_printf_percent$$00000017  c_w.l(_printf_percent_end.o)
    0x080001ae   0x00000002   Code   RO          756    .ARM.Collect$$libinit$$00000000  c_w.l(libinit.o)
    0x080001b0   0x00000000   Code   RO          758    .ARM.Collect$$libinit$$00000002  c_w.l(libinit2.o)
    0x080001b0   0x00000000   Code   RO          761    .ARM.Collect$$libinit$$00000008  c_w.l(libinit2.o)
    0x080001b0   0x00000000   Code   RO          763    .ARM.Collect$$libinit$$0000000A  c_w.l(libinit2.o)
    0x080001b0   0x00000000   Code   RO          765    .ARM.Collect$$libinit$$0000000C  c_w.l(libinit2.o)
    0x080001b0   0x00000006   Code   RO          766    .ARM.Collect$$libinit$$0000000D  c_w.l(libinit2.o)
    0x080001b6   0x00000000   Code   RO          768    .ARM.Collect$$libinit$$0000000F  c_w.l(libinit2.o)
    0x080001b6   0x00000000   Code   RO          770    .ARM.Collect$$libinit$$00000011  c_w.l(libinit2.o)
    0x080001b6   0x00000000   Code   RO          772    .ARM.Collect$$libinit$$00000013  c_w.l(libinit2.o)
    0x080001b6   0x0000000a   Code   RO          773    .ARM.Collect$$libinit$$00000014  c_w.l(libinit2.o)
    0x080001c0   0x00000000   Code   RO          774    .ARM.Collect$$libinit$$00000015  c_w.l(libinit2.o)
    0x080001c0   0x00000000   Code   RO          776    .ARM.Collect$$libinit$$00000017  c_w.l(libinit2.o)
    0x080001c0   0x00000000   Code   RO          778    .ARM.Collect$$libinit$$00000019  c_w.l(libinit2.o)
    0x080001c0   0x00000000   Code   RO          780    .ARM.Collect$$libinit$$0000001B  c_w.l(libinit2.o)
    0x080001c0   0x00000000   Code   RO          782    .ARM.Collect$$libinit$$0000001D  c_w.l(libinit2.o)
    0x080001c0   0x00000000   Code   RO          784    .ARM.Collect$$libinit$$0000001F  c_w.l(libinit2.o)
    0x080001c0   0x00000000   Code   RO          786    .ARM.Collect$$libinit$$00000021  c_w.l(libinit2.o)
    0x080001c0   0x00000000   Code   RO          788    .ARM.Collect$$libinit$$00000023  c_w.l(libinit2.o)
    0x080001c0   0x00000000   Code   RO          792    .ARM.Collect$$libinit$$0000002A  c_w.l(libinit2.o)
    0x080001c0   0x00000000   Code   RO          794    .ARM.Collect$$libinit$$0000002C  c_w.l(libinit2.o)
    0x080001c0   0x00000000   Code   RO          796    .ARM.Collect$$libinit$$0000002E  c_w.l(libinit2.o)
    0x080001c0   0x00000000   Code   RO          798    .ARM.Collect$$libinit$$00000030  c_w.l(libinit2.o)
    0x080001c0   0x00000002   Code   RO          799    .ARM.Collect$$libinit$$00000031  c_w.l(libinit2.o)
    0x080001c2   0x00000002   Code   RO          827    .ARM.Collect$$libshutdown$$00000000  c_w.l(libshutdown.o)
    0x080001c4   0x00000000   Code   RO          839    .ARM.Collect$$libshutdown$$00000003  c_w.l(libshutdown2.o)
    0x080001c4   0x00000000   Code   RO          842    .ARM.Collect$$libshutdown$$00000006  c_w.l(libshutdown2.o)
    0x080001c4   0x00000000   Code   RO          845    .ARM.Collect$$libshutdown$$00000009  c_w.l(libshutdown2.o)
    0x080001c4   0x00000000   Code   RO          847    .ARM.Collect$$libshutdown$$0000000B  c_w.l(libshutdown2.o)
    0x080001c4   0x00000000   Code   RO          850    .ARM.Collect$$libshutdown$$0000000E  c_w.l(libshutdown2.o)
    0x080001c4   0x00000002   Code   RO          851    .ARM.Collect$$libshutdown$$0000000F  c_w.l(libshutdown2.o)
    0x080001c6   0x00000000   Code   RO          663    .ARM.Collect$$rtentry$$00000000  c_w.l(rtentry.o)
    0x080001c6   0x00000000   Code   RO          679    .ARM.Collect$$rtentry$$00000002  c_w.l(rtentry2.o)
    0x080001c6   0x00000006   Code   RO          691    .ARM.Collect$$rtentry$$00000004  c_w.l(rtentry4.o)
    0x080001cc   0x00000000   Code   RO          681    .ARM.Collect$$rtentry$$00000009  c_w.l(rtentry2.o)
    0x080001cc   0x00000004   Code   RO          682    .ARM.Collect$$rtentry$$0000000A  c_w.l(rtentry2.o)
    0x080001d0   0x00000000   Code   RO          684    .ARM.Collect$$rtentry$$0000000C  c_w.l(rtentry2.o)
    0x080001d0   0x00000008   Code   RO          685    .ARM.Collect$$rtentry$$0000000D  c_w.l(rtentry2.o)
    0x080001d8   0x00000002   Code   RO          800    .ARM.Collect$$rtexit$$00000000  c_w.l(rtexit.o)
    0x080001da   0x00000000   Code   RO          807    .ARM.Collect$$rtexit$$00000002  c_w.l(rtexit2.o)
    0x080001da   0x00000004   Code   RO          808    .ARM.Collect$$rtexit$$00000003  c_w.l(rtexit2.o)
    0x080001de   0x00000006   Code   RO          809    .ARM.Collect$$rtexit$$00000004  c_w.l(rtexit2.o)
    0x080001e4   0x0000004e   Code   RO            1    .text               main.o
    0x08000232   0x0000001a   Code   RO          134    .text               stm32f10x_it.o
    0x0800024c   0x000001dc   Code   RO          149    .text               system_stm32f10x.o
    0x08000428   0x000000d0   Code   RO          167    .text               delay.o
    0x080004f8   0x00000224   Code   RO          198    .text               usart1.o
    0x0800071c   0x00000040   Code   RO          234    .text               startup_stm32f10x_hd.o
    0x0800075c   0x00000054   Code   RO          238    .text               led.o
    0x080007b0   0x000000e4   Code   RO          250    .text               tim3.o
    0x08000894   0x000000cc   Code   RO          267    .text               encoder.o
    0x08000960   0x0000010c   Code   RO          279    .text               tim2.o
    0x08000a6c   0x000000f8   Code   RO          291    .text               motor.o
    0x08000b64   0x000000dc   Code   RO          329    .text               misc.o
    0x08000c40   0x00000358   Code   RO          473    .text               stm32f10x_gpio.o
    0x08000f98   0x000003a4   Code   RO          521    .text               stm32f10x_rcc.o
    0x0800133c   0x00000e1a   Code   RO          571    .text               stm32f10x_tim.o
    0x08002156   0x00000002   PAD
    0x08002158   0x00000408   Code   RO          583    .text               stm32f10x_usart.o
    0x08002560   0x00000018   Code   RO          611    .text               c_w.l(noretval__2printf.o)
    0x08002578   0x0000010e   Code   RO          623    .text               c_w.l(__printf_wp.o)
    0x08002686   0x00000006   Code   RO          637    .text               c_w.l(heapauxi.o)
    0x0800268c   0x00000420   Code   RO          664    .text               c_w.l(_printf_fp_dec.o)
    0x08002aac   0x00000024   Code   RO          666    .text               c_w.l(_printf_char_file.o)
    0x08002ad0   0x00000008   Code   RO          696    .text               c_w.l(rt_locale_intlibspace.o)
    0x08002ad8   0x0000008a   Code   RO          698    .text               c_w.l(lludiv10.o)
    0x08002b62   0x00000002   PAD
    0x08002b64   0x00000030   Code   RO          700    .text               c_w.l(_printf_char_common.o)
    0x08002b94   0x00000080   Code   RO          702    .text               c_w.l(_printf_fp_infnan.o)
    0x08002c14   0x000000e4   Code   RO          704    .text               c_w.l(bigflt0.o)
    0x08002cf8   0x00000008   Code   RO          729    .text               c_w.l(ferror.o)
    0x08002d00   0x00000008   Code   RO          740    .text               c_w.l(libspace.o)
    0x08002d08   0x0000004a   Code   RO          743    .text               c_w.l(sys_stackheap_outer.o)
    0x08002d52   0x0000000c   Code   RO          747    .text               c_w.l(exit.o)
    0x08002d5e   0x00000002   PAD
    0x08002d60   0x00000080   Code   RO          749    .text               c_w.l(strcmpv7m.o)
    0x08002de0   0x0000003e   Code   RO          707    CL$$btod_d2e        c_w.l(btod.o)
    0x08002e1e   0x00000046   Code   RO          709    CL$$btod_d2e_denorm_low  c_w.l(btod.o)
    0x08002e64   0x00000060   Code   RO          708    CL$$btod_d2e_norm_op1  c_w.l(btod.o)
    0x08002ec4   0x00000338   Code   RO          717    CL$$btod_div_common  c_w.l(btod.o)
    0x080031fc   0x000000c6   Code   RO          714    CL$$btod_e2e        c_w.l(btod.o)
    0x080032c2   0x00000028   Code   RO          711    CL$$btod_ediv       c_w.l(btod.o)
    0x080032ea   0x00000028   Code   RO          710    CL$$btod_emul       c_w.l(btod.o)
    0x08003312   0x00000244   Code   RO          716    CL$$btod_mult_common  c_w.l(btod.o)
    0x08003556   0x00000028   Code   RO          738    i.__ARM_fpclassify  m_ws.l(fpclassify.o)
    0x0800357e   0x0000000e   Code   RO          625    i._is_digit         c_w.l(__printf_wp.o)
    0x0800358c   0x0000002c   Code   RO          734    locale$$code        c_w.l(lc_numeric_c.o)
    0x080035b8   0x0000000c   Code   RO          669    x$fpl$dretinf       fz_ws.l(dretinf.o)
    0x080035c4   0x00000056   Code   RO          641    x$fpl$f2d           fz_ws.l(f2d.o)
    0x0800361a   0x00000002   PAD
    0x0800361c   0x00000030   Code   RO          650    x$fpl$fflt          fz_ws.l(fflt_clz.o)
    0x0800364c   0x00000102   Code   RO          657    x$fpl$fmul          fz_ws.l(fmul.o)
    0x0800374e   0x0000008c   Code   RO          673    x$fpl$fnaninf       fz_ws.l(fnaninf.o)
    0x080037da   0x0000000a   Code   RO          675    x$fpl$fretinf       fz_ws.l(fretinf.o)
    0x080037e4   0x00000004   Code   RO          661    x$fpl$printf1       fz_ws.l(printf1.o)
    0x080037e8   0x00000000   Code   RO          677    x$fpl$usenofp       fz_ws.l(usenofp.o)
    0x080037e8   0x00000094   Data   RO          705    .constdata          c_w.l(bigflt0.o)
    0x0800387c   0x00000020   Data   RO          876    Region$$Table       anon$$obj.o
    0x0800389c   0x0000001c   Data   RO          733    locale$$data        c_w.l(lc_numeric_c.o)


    Execution Region RW_IRAM1 (Base: 0x20000000, Size: 0x00000768, Max: 0x0000c000, ABSOLUTE)

    Base Addr    Size         Type   Attr      Idx    E Section Name        Object

    0x20000000   0x00000014   Data   RW          150    .data               system_stm32f10x.o
    0x20000014   0x00000004   Data   RW          168    .data               delay.o
    0x20000018   0x00000008   Data   RW          200    .data               usart1.o
    0x20000020   0x00000008   Data   RW          251    .data               tim3.o
    0x20000028   0x00000001   Data   RW          292    .data               motor.o
    0x20000029   0x00000014   Data   RW          522    .data               stm32f10x_rcc.o
    0x2000003d   0x00000003   PAD
    0x20000040   0x000000c8   Zero   RW          199    .bss                usart1.o
    0x20000108   0x00000060   Zero   RW          741    .bss                c_w.l(libspace.o)
    0x20000168   0x00000200   Zero   RW          232    HEAP                startup_stm32f10x_hd.o
    0x20000368   0x00000400   Zero   RW          231    STACK               startup_stm32f10x_hd.o


==============================================================================

Image component sizes


      Code (inc. data)   RO Data    RW Data    ZI Data      Debug   Object Name

       208         18          0          4          0        883   delay.o
       204         10          0          0          0        927   encoder.o
        84         14          0          0          0        435   led.o
        78          0          0          0          0     252604   main.o
       220         20          0          0          0       1665   misc.o
       248         24          0          1          0       1035   motor.o
        64         26        304          0       1536        768   startup_stm32f10x_hd.o
       856         40          0          0          0       5513   stm32f10x_gpio.o
        26          0          0          0          0       1138   stm32f10x_it.o
       932         44          0         20          0       8620   stm32f10x_rcc.o
      3610         88          0          0          0      21996   stm32f10x_tim.o
      1032         22          0          0          0       8236   stm32f10x_usart.o
         0          0          0          0          0         32   sys.o
       476         36          0         20          0       1587   system_stm32f10x.o
       268          6          0          0          0       1189   tim2.o
       228         40          0          8          0        768   tim3.o
       548         20          0          8        200       4241   usart1.o

    ----------------------------------------------------------------------
      9084        408        336         64       1736     311637   Object Totals
         0          0         32          0          0          0   (incl. Generated)
         2          0          0          3          0          0   (incl. Padding)

    ----------------------------------------------------------------------

      Code (inc. data)   RO Data    RW Data    ZI Data      Debug   Library Member Name

         8          0          0          0          0         68   __main.o
       284          0          0          0          0        156   __printf_wp.o
        52          8          0          0          0          0   __scatter.o
        26          0          0          0          0          0   __scatter_copy.o
        28          0          0          0          0          0   __scatter_zi.o
        48          6          0          0          0         96   _printf_char_common.o
        36          4          0          0          0         80   _printf_char_file.o
         6          0          0          0          0          0   _printf_f.o
      1056          0          0          0          0        216   _printf_fp_dec.o
       128         16          0          0          0         84   _printf_fp_infnan.o
         0          0          0          0          0          0   _printf_percent.o
         4          0          0          0          0          0   _printf_percent_end.o
       228          6        148          0          0         96   bigflt0.o
      1910        128          0          0          0        672   btod.o
        12          0          0          0          0         72   exit.o
         8          0          0          0          0         68   ferror.o
         6          0          0          0          0        152   heapauxi.o
        44         10         28          0          0         76   lc_numeric_c.o
         2          0          0          0          0          0   libinit.o
        18          0          0          0          0          0   libinit2.o
         2          0          0          0          0          0   libshutdown.o
         2          0          0          0          0          0   libshutdown2.o
         8          4          0          0         96         68   libspace.o
       138          0          0          0          0         80   lludiv10.o
        24          4          0          0          0         84   noretval__2printf.o
         8          4          0          0          0         68   rt_locale_intlibspace.o
         0          0          0          0          0          0   rtentry.o
        12          0          0          0          0          0   rtentry2.o
         6          0          0          0          0          0   rtentry4.o
         2          0          0          0          0          0   rtexit.o
        10          0          0          0          0          0   rtexit2.o
       128          0          0          0          0         68   strcmpv7m.o
        74          0          0          0          0         80   sys_stackheap_outer.o
        12          0          0          0          0         68   dretinf.o
        86          4          0          0          0         84   f2d.o
        48          0          0          0          0         68   fflt_clz.o
       258          4          0          0          0         84   fmul.o
       140          4          0          0          0         84   fnaninf.o
        10          0          0          0          0         68   fretinf.o
         4          0          0          0          0         68   printf1.o
         0          0          0          0          0          0   usenofp.o
        40          0          0          0          0         68   fpclassify.o

    ----------------------------------------------------------------------
      4924        202        176          0         96       2876   Library Totals
         8          0          0          0          0          0   (incl. Padding)

    ----------------------------------------------------------------------

      Code (inc. data)   RO Data    RW Data    ZI Data      Debug   Library Name

      4318        190        176          0         96       2284   c_w.l
       558         12          0          0          0        524   fz_ws.l
        40          0          0          0          0         68   m_ws.l

    ----------------------------------------------------------------------
      4924        202        176          0         96       2876   Library Totals

    ----------------------------------------------------------------------

==============================================================================


      Code (inc. data)   RO Data    RW Data    ZI Data      Debug   

     14008        610        512         64       1832     311549   Grand Totals
     14008        610        512         64       1832     311549   ELF Image Totals
     14008        610        512         64          0          0   ROM Totals

==============================================================================

    Total RO  Size (Code + RO Data)                14520 (  14.18kB)
    Total RW  Size (RW Data + ZI Data)              1896 (   1.85kB)
    Total ROM Size (Code + RO Data + RW Data)      14584 (  14.24kB)

==============================================================================

