<html>
<body>
<pre>
<h1>µVision Build Log</h1>
<h2>Project:</h2>
F:\Github\Push_rod_MCU\Project\Demo-c.uvproj
Project File Date:  07/25/2018

<h2>Output:</h2>
Build target 'STM32_F1_DEMO_C'
compiling main.c...
linking...
Program Size: Code=9352 RO-data=336 RW-data=52 ZI-data=1836  
FromELF: creating hex file...
"..\OBJ\Demo-c.axf" - 0 Error(s), 0 Warning(s).
iling motor.c...
linking...
Program Size: Code=9352 RO-data=336 RW-data=52 ZI-data=1836  
FromELF: creating hex file...
"..\OBJ\Demo-c.axf" - 0 Error(s), 0 Warning(s).
is undefined
        GPIO_Init(LED_Port,&GPIO_InitStructure);
..\HARDWARE\LED\led.c(17): error:  #20: identifier "LED" is undefined
        LED = 0;
..\HARDWARE\LED\led.c: 0 warnings, 4 errors
compiling tim3.c...
..\HARDWARE\TIM3\tim3.c(43): error:  #20: identifier "LED" is undefined
                LED = !LED;
..\HARDWARE\TIM3\tim3.c: 0 warnings, 1 error
compiling tim2.c...
"..\OBJ\Demo-c.axf" - 5 Error(s), 0 Warning(s).
Target not created
ompiling stm32f10x_rcc.c...
compiling stm32f10x_rtc.c...
compiling stm32f10x_sdio.c...
compiling stm32f10x_spi.c...
compiling stm32f10x_tim.c...
compiling stm32f10x_usart.c...
compiling stm32f10x_wwdg.c...
linking...
Program Size: Code=8908 RO-data=336 RW-data=52 ZI-data=1836  
FromELF: creating hex file...
"..\OBJ\Demo-c.axf" - 0 Error(s), 0 Warning(s).
