<html>
<body>
<pre>
<h1>µVision Build Log</h1>
<h2>Project:</h2>
F:\Github\Push_rod_MCU\Project\Demo-c.uvproj
Project File Date:  07/26/2018

<h2>Output:</h2>
Build target 'STM32_F1_DEMO_C'
linking...
Program Size: Code=14008 RO-data=512 RW-data=64 ZI-data=1832  
FromELF: creating hex file...
"..\OBJ\Demo-c.axf" - 0 Error(s), 0 Warning(s).
</pre>
</body>
</html>
"..\\OBJ\\Demo-c.axf" 
Erase Done.
Programming Done.
Verify OK.
Application running ...

.
Load "..\\OBJ\\Demo-c.axf" 
Erase Done.
Programming Done.
Verify OK.
Application running ...
arning(s).
